Archive member included to satisfy reference by file (symbol)

c:/st/stm32cubeide_1.12.0/stm32cubeide/plugins/com.st.stm32cube.ide.mcu.externaltools.gnu-tools-for-stm32.10.3-2021.10.win32_1.0.200.202301161003/tools/bin/../lib/gcc/arm-none-eabi/10.3.1/../../../../arm-none-eabi/lib/thumb/v7-m/nofp\libc_nano.a(lib_a-atoi.o)
                              ./Core/Src/main.o (atoi)
c:/st/stm32cubeide_1.12.0/stm32cubeide/plugins/com.st.stm32cube.ide.mcu.externaltools.gnu-tools-for-stm32.10.3-2021.10.win32_1.0.200.202301161003/tools/bin/../lib/gcc/arm-none-eabi/10.3.1/../../../../arm-none-eabi/lib/thumb/v7-m/nofp\libc_nano.a(lib_a-errno.o)
                              ./Core/Src/syscalls.o (__errno)
c:/st/stm32cubeide_1.12.0/stm32cubeide/plugins/com.st.stm32cube.ide.mcu.externaltools.gnu-tools-for-stm32.10.3-2021.10.win32_1.0.200.202301161003/tools/bin/../lib/gcc/arm-none-eabi/10.3.1/../../../../arm-none-eabi/lib/thumb/v7-m/nofp\libc_nano.a(lib_a-exit.o)
                              c:/st/stm32cubeide_1.12.0/stm32cubeide/plugins/com.st.stm32cube.ide.mcu.externaltools.gnu-tools-for-stm32.10.3-2021.10.win32_1.0.200.202301161003/tools/bin/../lib/gcc/arm-none-eabi/10.3.1/../../../../arm-none-eabi/lib/thumb/v7-m/nofp/crt0.o (exit)
c:/st/stm32cubeide_1.12.0/stm32cubeide/plugins/com.st.stm32cube.ide.mcu.externaltools.gnu-tools-for-stm32.10.3-2021.10.win32_1.0.200.202301161003/tools/bin/../lib/gcc/arm-none-eabi/10.3.1/../../../../arm-none-eabi/lib/thumb/v7-m/nofp\libc_nano.a(lib_a-impure.o)
                              c:/st/stm32cubeide_1.12.0/stm32cubeide/plugins/com.st.stm32cube.ide.mcu.externaltools.gnu-tools-for-stm32.10.3-2021.10.win32_1.0.200.202301161003/tools/bin/../lib/gcc/arm-none-eabi/10.3.1/../../../../arm-none-eabi/lib/thumb/v7-m/nofp\libc_nano.a(lib_a-exit.o) (_global_impure_ptr)
c:/st/stm32cubeide_1.12.0/stm32cubeide/plugins/com.st.stm32cube.ide.mcu.externaltools.gnu-tools-for-stm32.10.3-2021.10.win32_1.0.200.202301161003/tools/bin/../lib/gcc/arm-none-eabi/10.3.1/../../../../arm-none-eabi/lib/thumb/v7-m/nofp\libc_nano.a(lib_a-init.o)
                              c:/st/stm32cubeide_1.12.0/stm32cubeide/plugins/com.st.stm32cube.ide.mcu.externaltools.gnu-tools-for-stm32.10.3-2021.10.win32_1.0.200.202301161003/tools/bin/../lib/gcc/arm-none-eabi/10.3.1/../../../../arm-none-eabi/lib/thumb/v7-m/nofp/crt0.o (__libc_init_array)
c:/st/stm32cubeide_1.12.0/stm32cubeide/plugins/com.st.stm32cube.ide.mcu.externaltools.gnu-tools-for-stm32.10.3-2021.10.win32_1.0.200.202301161003/tools/bin/../lib/gcc/arm-none-eabi/10.3.1/../../../../arm-none-eabi/lib/thumb/v7-m/nofp\libc_nano.a(lib_a-memset.o)
                              c:/st/stm32cubeide_1.12.0/stm32cubeide/plugins/com.st.stm32cube.ide.mcu.externaltools.gnu-tools-for-stm32.10.3-2021.10.win32_1.0.200.202301161003/tools/bin/../lib/gcc/arm-none-eabi/10.3.1/../../../../arm-none-eabi/lib/thumb/v7-m/nofp/crt0.o (memset)
c:/st/stm32cubeide_1.12.0/stm32cubeide/plugins/com.st.stm32cube.ide.mcu.externaltools.gnu-tools-for-stm32.10.3-2021.10.win32_1.0.200.202301161003/tools/bin/../lib/gcc/arm-none-eabi/10.3.1/../../../../arm-none-eabi/lib/thumb/v7-m/nofp\libc_nano.a(lib_a-strtol.o)
                              c:/st/stm32cubeide_1.12.0/stm32cubeide/plugins/com.st.stm32cube.ide.mcu.externaltools.gnu-tools-for-stm32.10.3-2021.10.win32_1.0.200.202301161003/tools/bin/../lib/gcc/arm-none-eabi/10.3.1/../../../../arm-none-eabi/lib/thumb/v7-m/nofp\libc_nano.a(lib_a-atoi.o) (_strtol_r)
c:/st/stm32cubeide_1.12.0/stm32cubeide/plugins/com.st.stm32cube.ide.mcu.externaltools.gnu-tools-for-stm32.10.3-2021.10.win32_1.0.200.202301161003/tools/bin/../lib/gcc/arm-none-eabi/10.3.1/../../../../arm-none-eabi/lib/thumb/v7-m/nofp\libc_nano.a(lib_a-ctype_.o)
                              c:/st/stm32cubeide_1.12.0/stm32cubeide/plugins/com.st.stm32cube.ide.mcu.externaltools.gnu-tools-for-stm32.10.3-2021.10.win32_1.0.200.202301161003/tools/bin/../lib/gcc/arm-none-eabi/10.3.1/../../../../arm-none-eabi/lib/thumb/v7-m/nofp\libc_nano.a(lib_a-strtol.o) (_ctype_)

Discarded input sections

 .text          0x0000000000000000        0x0 c:/st/stm32cubeide_1.12.0/stm32cubeide/plugins/com.st.stm32cube.ide.mcu.externaltools.gnu-tools-for-stm32.10.3-2021.10.win32_1.0.200.202301161003/tools/bin/../lib/gcc/arm-none-eabi/10.3.1/thumb/v7-m/nofp/crti.o
 .data          0x0000000000000000        0x0 c:/st/stm32cubeide_1.12.0/stm32cubeide/plugins/com.st.stm32cube.ide.mcu.externaltools.gnu-tools-for-stm32.10.3-2021.10.win32_1.0.200.202301161003/tools/bin/../lib/gcc/arm-none-eabi/10.3.1/thumb/v7-m/nofp/crti.o
 .bss           0x0000000000000000        0x0 c:/st/stm32cubeide_1.12.0/stm32cubeide/plugins/com.st.stm32cube.ide.mcu.externaltools.gnu-tools-for-stm32.10.3-2021.10.win32_1.0.200.202301161003/tools/bin/../lib/gcc/arm-none-eabi/10.3.1/thumb/v7-m/nofp/crti.o
[...]
Memory Configuration

Name             Origin             Length             Attributes
RAM              0x0000000020000000 0x0000000000005000 xrw
FLASH            0x0000000008000000 0x0000000000020000 xr
*default*        0x0000000000000000 0xffffffffffffffff

Linker script and memory map

LOAD c:/st/stm32cubeide_1.12.0/stm32cubeide/plugins/com.st.stm32cube.ide.mcu.externaltools.gnu-tools-for-stm32.10.3-2021.10.win32_1.0.200.202301161003/tools/bin/../lib/gcc/arm-none-eabi/10.3.1/thumb/v7-m/nofp/crti.o
LOAD c:/st/stm32cubeide_1.12.0/stm32cubeide/plugins/com.st.stm32cube.ide.mcu.externaltools.gnu-tools-for-stm32.10.3-2021.10.win32_1.0.200.202301161003/tools/bin/../lib/gcc/arm-none-eabi/10.3.1/thumb/v7-m/nofp/crtbegin.o
LOAD c:/st/stm32cubeide_1.12.0/stm32cubeide/plugins/com.st.stm32cube.ide.mcu.externaltools.gnu-tools-for-stm32.10.3-2021.10.win32_1.0.200.202301161003/tools/bin/../lib/gcc/arm-none-eabi/10.3.1/../../../../arm-none-eabi/lib/thumb/v7-m/nofp/crt0.o
LOAD ./Core/Src/ILI9341_interface.o
LOAD ./Core/Src/fatfs_sd.o
LOAD ./Core/Src/main.o
LOAD ./Core/Src/stm32f1xx_hal_msp.o
LOAD ./Core/Src/stm32f1xx_it.o
LOAD ./Core/Src/syscalls.o
LOAD ./Core/Src/sysmem.o
LOAD ./Core/Src/system_stm32f1xx.o
LOAD ./Core/Startup/startup_stm32f103tbux.o
LOAD ./Drivers/STM32F1xx_HAL_Driver/Src/stm32f1xx_hal.o
LOAD ./Drivers/STM32F1xx_HAL_Driver/Src/stm32f1xx_hal_cortex.o
LOAD ./Drivers/STM32F1xx_HAL_Driver/Src/stm32f1xx_hal_dma.o
LOAD ./Drivers/STM32F1xx_HAL_Driver/Src/stm32f1xx_hal_exti.o
LOAD ./Drivers/STM32F1xx_HAL_Driver/Src/stm32f1xx_hal_flash.o
LOAD ./Drivers/STM32F1xx_HAL_Driver/Src/stm32f1xx_hal_flash_ex.o
LOAD ./Drivers/STM32F1xx_HAL_Driver/Src/stm32f1xx_hal_gpio.o
LOAD ./Drivers/STM32F1xx_HAL_Driver/Src/stm32f1xx_hal_gpio_ex.o
LOAD ./Drivers/STM32F1xx_HAL_Driver/Src/stm32f1xx_hal_pwr.o
LOAD ./Drivers/STM32F1xx_HAL_Driver/Src/stm32f1xx_hal_rcc.o
LOAD ./Drivers/STM32F1xx_HAL_Driver/Src/stm32f1xx_hal_rcc_ex.o
LOAD ./Drivers/STM32F1xx_HAL_Driver/Src/stm32f1xx_hal_spi.o
LOAD ./Drivers/STM32F1xx_HAL_Driver/Src/stm32f1xx_hal_tim.o
LOAD ./Drivers/STM32F1xx_HAL_Driver/Src/stm32f1xx_hal_tim_ex.o
LOAD ./FATFS/App/fatfs.o
LOAD ./FATFS/Target/user_diskio.o
LOAD ./Middlewares/Third_Party/FatFs/src/diskio.o
LOAD ./Middlewares/Third_Party/FatFs/src/ff.o
LOAD ./Middlewares/Third_Party/FatFs/src/ff_gen_drv.o
LOAD ./Middlewares/Third_Party/FatFs/src/option/ccsbcs.o
LOAD ./Middlewares/Third_Party/FatFs/src/option/syscall.o
START GROUP
LOAD c:/st/stm32cubeide_1.12.0/stm32cubeide/plugins/com.st.stm32cube.ide.mcu.externaltools.gnu-tools-for-stm32.10.3-2021.10.win32_1.0.200.202301161003/tools/bin/../lib/gcc/arm-none-eabi/10.3.1/../../../../arm-none-eabi/lib/thumb/v7-m/nofp\libc_nano.a
LOAD c:/st/stm32cubeide_1.12.0/stm32cubeide/plugins/com.st.stm32cube.ide.mcu.externaltools.gnu-tools-for-stm32.10.3-2021.10.win32_1.0.200.202301161003/tools/bin/../lib/gcc/arm-none-eabi/10.3.1/../../../../arm-none-eabi/lib/thumb/v7-m/nofp\libm.a
END GROUP
START GROUP
LOAD c:/st/stm32cubeide_1.12.0/stm32cubeide/plugins/com.st.stm32cube.ide.mcu.externaltools.gnu-tools-for-stm32.10.3-2021.10.win32_1.0.200.202301161003/tools/bin/../lib/gcc/arm-none-eabi/10.3.1/thumb/v7-m/nofp\libgcc.a
LOAD c:/st/stm32cubeide_1.12.0/stm32cubeide/plugins/com.st.stm32cube.ide.mcu.externaltools.gnu-tools-for-stm32.10.3-2021.10.win32_1.0.200.202301161003/tools/bin/../lib/gcc/arm-none-eabi/10.3.1/../../../../arm-none-eabi/lib/thumb/v7-m/nofp\libc_nano.a
END GROUP
START GROUP
LOAD c:/st/stm32cubeide_1.12.0/stm32cubeide/plugins/com.st.stm32cube.ide.mcu.externaltools.gnu-tools-for-stm32.10.3-2021.10.win32_1.0.200.202301161003/tools/bin/../lib/gcc/arm-none-eabi/10.3.1/thumb/v7-m/nofp\libgcc.a
LOAD c:/st/stm32cubeide_1.12.0/stm32cubeide/plugins/com.st.stm32cube.ide.mcu.externaltools.gnu-tools-for-stm32.10.3-2021.10.win32_1.0.200.202301161003/tools/bin/../lib/gcc/arm-none-eabi/10.3.1/../../../../arm-none-eabi/lib/thumb/v7-m/nofp\libc_nano.a
LOAD c:/st/stm32cubeide_1.12.0/stm32cubeide/plugins/com.st.stm32cube.ide.mcu.externaltools.gnu-tools-for-stm32.10.3-2021.10.win32_1.0.200.202301161003/tools/bin/../lib/gcc/arm-none-eabi/10.3.1/../../../../arm-none-eabi/lib/thumb/v7-m/nofp\libnosys.a
END GROUP
START GROUP
LOAD c:/st/stm32cubeide_1.12.0/stm32cubeide/plugins/com.st.stm32cube.ide.mcu.externaltools.gnu-tools-for-stm32.10.3-2021.10.win32_1.0.200.202301161003/tools/bin/../lib/gcc/arm-none-eabi/10.3.1/thumb/v7-m/nofp\libgcc.a
LOAD c:/st/stm32cubeide_1.12.0/stm32cubeide/plugins/com.st.stm32cube.ide.mcu.externaltools.gnu-tools-for-stm32.10.3-2021.10.win32_1.0.200.202301161003/tools/bin/../lib/gcc/arm-none-eabi/10.3.1/../../../../arm-none-eabi/lib/thumb/v7-m/nofp\libc_nano.a
LOAD c:/st/stm32cubeide_1.12.0/stm32cubeide/plugins/com.st.stm32cube.ide.mcu.externaltools.gnu-tools-for-stm32.10.3-2021.10.win32_1.0.200.202301161003/tools/bin/../lib/gcc/arm-none-eabi/10.3.1/../../../../arm-none-eabi/lib/thumb/v7-m/nofp\libnosys.a
END GROUP
LOAD c:/st/stm32cubeide_1.12.0/stm32cubeide/plugins/com.st.stm32cube.ide.mcu.externaltools.gnu-tools-for-stm32.10.3-2021.10.win32_1.0.200.202301161003/tools/bin/../lib/gcc/arm-none-eabi/10.3.1/thumb/v7-m/nofp/crtend.o
LOAD c:/st/stm32cubeide_1.12.0/stm32cubeide/plugins/com.st.stm32cube.ide.mcu.externaltools.gnu-tools-for-stm32.10.3-2021.10.win32_1.0.200.202301161003/tools/bin/../lib/gcc/arm-none-eabi/10.3.1/thumb/v7-m/nofp/crtn.o
                0x0000000020005000                _estack = (ORIGIN (RAM) + LENGTH (RAM))
                0x0000000000000200                _Min_Heap_Size = 0x200
                0x0000000000000400                _Min_Stack_Size = 0x400

.isr_vector     0x0000000008000000      0x10c
                0x0000000008000000                . = ALIGN (0x4)
 *(.isr_vector)
 .isr_vector    0x0000000008000000      0x10c ./Core/Startup/startup_stm32f103tbux.o
                0x0000000008000000                g_pfnVectors
                0x000000000800010c                . = ALIGN (0x4)

.text           0x000000000800010c     0x6060
                0x000000000800010c                . = ALIGN (0x4)
 *(.text)
 .text          0x000000000800010c       0x40 c:/st/stm32cubeide_1.12.0/stm32cubeide/plugins/com.st.stm32cube.ide.mcu.externaltools.gnu-tools-for-stm32.10.3-2021.10.win32_1.0.200.202301161003/tools/bin/../lib/gcc/arm-none-eabi/10.3.1/thumb/v7-m/nofp/crtbegin.o
 *(.text*)
 .text.init_ILI9341
                0x000000000800014c       0x40 ./Core/Src/ILI9341_interface.o
                0x000000000800014c                init_ILI9341
 .text.columnAddressSet
                0x000000000800018c       0xd8 ./Core/Src/ILI9341_interface.o
                0x000000000800018c                columnAddressSet
 .text.pageAddressSet
                0x0000000008000264       0xd8 ./Core/Src/ILI9341_interface.o
                0x0000000008000264                pageAddressSet
 .text.writeMemoryContinue
                0x000000000800033c       0x9c ./Core/Src/ILI9341_interface.o
                0x000000000800033c                writeMemoryContinue
 .text.displayInversionON
                0x00000000080003d8       0x40 ./Core/Src/ILI9341_interface.o
                0x00000000080003d8                displayInversionON
 .text.displayInversionOFF
                0x0000000008000418       0x40 ./Core/Src/ILI9341_interface.o
                0x0000000008000418                displayInversionOFF
 .text.ClearScreen
                0x0000000008000458       0x62 ./Core/Src/ILI9341_interface.o
                0x0000000008000458                ClearScreen
 *fill*         0x00000000080004ba        0x2 
 .text.SELECT   0x00000000080004bc       0x1c ./Core/Src/fatfs_sd.o
 .text.DESELECT
                0x00000000080004d8       0x1c ./Core/Src/fatfs_sd.o
 .text.SPI_TxByte
                0x00000000080004f4       0x34 ./Core/Src/fatfs_sd.o
 .text.SPI_TxBuffer
                0x0000000008000528       0x34 ./Core/Src/fatfs_sd.o
 .text.SPI_RxByte
                0x000000000800055c       0x38 ./Core/Src/fatfs_sd.o
 .text.SPI_RxBytePtr
                0x0000000008000594       0x1c ./Core/Src/fatfs_sd.o
 .text.SD_ReadyWait
                0x00000000080005b0       0x34 ./Core/Src/fatfs_sd.o
 .text.SD_PowerOn
                0x00000000080005e4       0x84 ./Core/Src/fatfs_sd.o
 .text.SD_PowerOff
                0x0000000008000668       0x18 ./Core/Src/fatfs_sd.o
 .text.SD_CheckPower
                0x0000000008000680       0x14 ./Core/Src/fatfs_sd.o
 .text.SD_RxDataBlock
                0x0000000008000694       0x5c ./Core/Src/fatfs_sd.o
 .text.SD_TxDataBlock
                0x00000000080006f0       0x86 ./Core/Src/fatfs_sd.o
 .text.SD_SendCmd
                0x0000000008000776       0xa8 ./Core/Src/fatfs_sd.o
 *fill*         0x000000000800081e        0x2 
 .text.SD_disk_initialize
                0x0000000008000820      0x1cc ./Core/Src/fatfs_sd.o
                0x0000000008000820                SD_disk_initialize
 .text.SD_disk_status
                0x00000000080009ec       0x28 ./Core/Src/fatfs_sd.o
                0x00000000080009ec                SD_disk_status
 .text.SD_disk_read
                0x0000000008000a14       0xd4 ./Core/Src/fatfs_sd.o
                0x0000000008000a14                SD_disk_read
 .text.SD_disk_write
                0x0000000008000ae8      0x108 ./Core/Src/fatfs_sd.o
                0x0000000008000ae8                SD_disk_write
 .text.SD_disk_ioctl
                0x0000000008000bf0      0x258 ./Core/Src/fatfs_sd.o
                0x0000000008000bf0                SD_disk_ioctl
 .text.main     0x0000000008000e48       0x7c ./Core/Src/main.o
                0x0000000008000e48                main
 .text.SystemClock_Config
                0x0000000008000ec4       0x76 ./Core/Src/main.o
                0x0000000008000ec4                SystemClock_Config
 *fill*         0x0000000008000f3a        0x2 
 .text.MX_SPI1_Init
                0x0000000008000f3c       0x6c ./Core/Src/main.o
 .text.MX_GPIO_Init
                0x0000000008000fa8      0x11c ./Core/Src/main.o
 .text.HAL_GPIO_EXTI_Callback
                0x00000000080010c4      0x294 ./Core/Src/main.o
                0x00000000080010c4                HAL_GPIO_EXTI_Callback
 .text.Error_Handler
                0x0000000008001358        0xa ./Core/Src/main.o
                0x0000000008001358                Error_Handler
 *fill*         0x0000000008001362        0x2 
 .text.HAL_MspInit
                0x0000000008001364       0x64 ./Core/Src/stm32f1xx_hal_msp.o
                0x0000000008001364                HAL_MspInit
 .text.HAL_SPI_MspInit
                0x00000000080013c8       0x94 ./Core/Src/stm32f1xx_hal_msp.o
                0x00000000080013c8                HAL_SPI_MspInit
 .text.NMI_Handler
                0x000000000800145c        0x6 ./Core/Src/stm32f1xx_it.o
                0x000000000800145c                NMI_Handler
 .text.HardFault_Handler
                0x0000000008001462        0x6 ./Core/Src/stm32f1xx_it.o
                0x0000000008001462                HardFault_Handler
 .text.MemManage_Handler
                0x0000000008001468        0x6 ./Core/Src/stm32f1xx_it.o
                0x0000000008001468                MemManage_Handler
 .text.BusFault_Handler
                0x000000000800146e        0x6 ./Core/Src/stm32f1xx_it.o
                0x000000000800146e                BusFault_Handler
 .text.UsageFault_Handler
                0x0000000008001474        0x6 ./Core/Src/stm32f1xx_it.o
                0x0000000008001474                UsageFault_Handler
 .text.SVC_Handler
                0x000000000800147a        0xc ./Core/Src/stm32f1xx_it.o
                0x000000000800147a                SVC_Handler
 .text.DebugMon_Handler
                0x0000000008001486        0xc ./Core/Src/stm32f1xx_it.o
                0x0000000008001486                DebugMon_Handler
 .text.PendSV_Handler
                0x0000000008001492        0xc ./Core/Src/stm32f1xx_it.o
                0x0000000008001492                PendSV_Handler
 *fill*         0x000000000800149e        0x2 
 .text.SysTick_Handler
                0x00000000080014a0       0x3c ./Core/Src/stm32f1xx_it.o
                0x00000000080014a0                SysTick_Handler
 .text.EXTI0_IRQHandler
                0x00000000080014dc        0xe ./Core/Src/stm32f1xx_it.o
                0x00000000080014dc                EXTI0_IRQHandler
 .text.EXTI1_IRQHandler
                0x00000000080014ea        0xe ./Core/Src/stm32f1xx_it.o
                0x00000000080014ea                EXTI1_IRQHandler
 .text.EXTI9_5_IRQHandler
                0x00000000080014f8       0x18 ./Core/Src/stm32f1xx_it.o
                0x00000000080014f8                EXTI9_5_IRQHandler
 .text.EXTI15_10_IRQHandler
                0x0000000008001510       0x18 ./Core/Src/stm32f1xx_it.o
                0x0000000008001510                EXTI15_10_IRQHandler
 .text.SystemInit
                0x0000000008001528        0xc ./Core/Src/system_stm32f1xx.o
                0x0000000008001528                SystemInit
 .text.Reset_Handler
                0x0000000008001534       0x48 ./Core/Startup/startup_stm32f103tbux.o
                0x0000000008001534                Reset_Handler
 .text.Default_Handler
                0x000000000800157c        0x2 ./Core/Startup/startup_stm32f103tbux.o
                0x000000000800157c                RTC_Alarm_IRQHandler
                0x000000000800157c                EXTI2_IRQHandler
                0x000000000800157c                TIM1_CC_IRQHandler
                0x000000000800157c                PVD_IRQHandler
                0x000000000800157c                EXTI3_IRQHandler
                0x000000000800157c                I2C2_EV_IRQHandler
                0x000000000800157c                ADC1_2_IRQHandler
                0x000000000800157c                SPI1_IRQHandler
                0x000000000800157c                TAMPER_IRQHandler
                0x000000000800157c                DMA1_Channel4_IRQHandler
                0x000000000800157c                USART3_IRQHandler
                0x000000000800157c                RTC_IRQHandler
                0x000000000800157c                DMA1_Channel7_IRQHandler
                0x000000000800157c                CAN1_RX1_IRQHandler
                0x000000000800157c                TIM4_IRQHandler
                0x000000000800157c                I2C1_EV_IRQHandler
                0x000000000800157c                DMA1_Channel6_IRQHandler
                0x000000000800157c                TIM3_IRQHandler
                0x000000000800157c                RCC_IRQHandler
                0x000000000800157c                TIM1_TRG_COM_IRQHandler
                0x000000000800157c                DMA1_Channel1_IRQHandler
                0x000000000800157c                Default_Handler
                0x000000000800157c                SPI2_IRQHandler
                0x000000000800157c                DMA1_Channel5_IRQHandler
                0x000000000800157c                EXTI4_IRQHandler
                0x000000000800157c                USB_LP_CAN1_RX0_IRQHandler
                0x000000000800157c                USB_HP_CAN1_TX_IRQHandler
                0x000000000800157c                DMA1_Channel3_IRQHandler
                0x000000000800157c                TIM1_UP_IRQHandler
                0x000000000800157c                WWDG_IRQHandler
                0x000000000800157c                TIM2_IRQHandler
                0x000000000800157c                TIM1_BRK_IRQHandler
                0x000000000800157c                USART2_IRQHandler
                0x000000000800157c                I2C2_ER_IRQHandler
                0x000000000800157c                DMA1_Channel2_IRQHandler
                0x000000000800157c                CAN1_SCE_IRQHandler
                0x000000000800157c                FLASH_IRQHandler
                0x000000000800157c                USART1_IRQHandler
                0x000000000800157c                I2C1_ER_IRQHandler
                0x000000000800157c                USBWakeUp_IRQHandler
 *fill*         0x000000000800157e        0x2 
 .text.HAL_Init
                0x0000000008001580       0x2c ./Drivers/STM32F1xx_HAL_Driver/Src/stm32f1xx_hal.o
                0x0000000008001580                HAL_Init
 .text.HAL_InitTick
                0x00000000080015ac       0x60 ./Drivers/STM32F1xx_HAL_Driver/Src/stm32f1xx_hal.o
                0x00000000080015ac                HAL_InitTick
 .text.HAL_IncTick
                0x000000000800160c       0x24 ./Drivers/STM32F1xx_HAL_Driver/Src/stm32f1xx_hal.o
                0x000000000800160c                HAL_IncTick
 .text.HAL_GetTick
                0x0000000008001630       0x14 ./Drivers/STM32F1xx_HAL_Driver/Src/stm32f1xx_hal.o
                0x0000000008001630                HAL_GetTick
 .text.HAL_Delay
                0x0000000008001644       0x48 ./Drivers/STM32F1xx_HAL_Driver/Src/stm32f1xx_hal.o
                0x0000000008001644                HAL_Delay
 .text.__NVIC_SetPriorityGrouping
                0x000000000800168c       0x48 ./Drivers/STM32F1xx_HAL_Driver/Src/stm32f1xx_hal_cortex.o
 .text.__NVIC_GetPriorityGrouping
                0x00000000080016d4       0x1c ./Drivers/STM32F1xx_HAL_Driver/Src/stm32f1xx_hal_cortex.o
 .text.__NVIC_EnableIRQ
                0x00000000080016f0       0x38 ./Drivers/STM32F1xx_HAL_Driver/Src/stm32f1xx_hal_cortex.o
 .text.__NVIC_SetPriority
                0x0000000008001728       0x54 ./Drivers/STM32F1xx_HAL_Driver/Src/stm32f1xx_hal_cortex.o
 .text.NVIC_EncodePriority
                0x000000000800177c       0x64 ./Drivers/STM32F1xx_HAL_Driver/Src/stm32f1xx_hal_cortex.o
 .text.SysTick_Config
                0x00000000080017e0       0x44 ./Drivers/STM32F1xx_HAL_Driver/Src/stm32f1xx_hal_cortex.o
 .text.HAL_NVIC_SetPriorityGrouping
                0x0000000008001824       0x16 ./Drivers/STM32F1xx_HAL_Driver/Src/stm32f1xx_hal_cortex.o
                0x0000000008001824                HAL_NVIC_SetPriorityGrouping
 .text.HAL_NVIC_SetPriority
                0x000000000800183a       0x38 ./Drivers/STM32F1xx_HAL_Driver/Src/stm32f1xx_hal_cortex.o
                0x000000000800183a                HAL_NVIC_SetPriority
 .text.HAL_NVIC_EnableIRQ
                0x0000000008001872       0x1c ./Drivers/STM32F1xx_HAL_Driver/Src/stm32f1xx_hal_cortex.o
                0x0000000008001872                HAL_NVIC_EnableIRQ
 .text.HAL_SYSTICK_Config
                0x000000000800188e       0x18 ./Drivers/STM32F1xx_HAL_Driver/Src/stm32f1xx_hal_cortex.o
                0x000000000800188e                HAL_SYSTICK_Config
 *fill*         0x00000000080018a6        0x2 
 .text.HAL_GPIO_Init
                0x00000000080018a8      0x308 ./Drivers/STM32F1xx_HAL_Driver/Src/stm32f1xx_hal_gpio.o
                0x00000000080018a8                HAL_GPIO_Init
 .text.HAL_GPIO_ReadPin
                0x0000000008001bb0       0x2e ./Drivers/STM32F1xx_HAL_Driver/Src/stm32f1xx_hal_gpio.o
                0x0000000008001bb0                HAL_GPIO_ReadPin
 .text.HAL_GPIO_WritePin
                0x0000000008001bde       0x30 ./Drivers/STM32F1xx_HAL_Driver/Src/stm32f1xx_hal_gpio.o
                0x0000000008001bde                HAL_GPIO_WritePin
 *fill*         0x0000000008001c0e        0x2 
 .text.HAL_GPIO_EXTI_IRQHandler
                0x0000000008001c10       0x30 ./Drivers/STM32F1xx_HAL_Driver/Src/stm32f1xx_hal_gpio.o
                0x0000000008001c10                HAL_GPIO_EXTI_IRQHandler
 .text.HAL_RCC_OscConfig
                0x0000000008001c40      0x504 ./Drivers/STM32F1xx_HAL_Driver/Src/stm32f1xx_hal_rcc.o
                0x0000000008001c40                HAL_RCC_OscConfig
 .text.HAL_RCC_ClockConfig
                0x0000000008002144      0x1d4 ./Drivers/STM32F1xx_HAL_Driver/Src/stm32f1xx_hal_rcc.o
                0x0000000008002144                HAL_RCC_ClockConfig
 .text.HAL_RCC_GetSysClockFreq
                0x0000000008002318       0xbc ./Drivers/STM32F1xx_HAL_Driver/Src/stm32f1xx_hal_rcc.o
                0x0000000008002318                HAL_RCC_GetSysClockFreq
 .text.RCC_Delay
                0x00000000080023d4       0x3c ./Drivers/STM32F1xx_HAL_Driver/Src/stm32f1xx_hal_rcc.o
 .text.HAL_SPI_Init
                0x0000000008002410      0x108 ./Drivers/STM32F1xx_HAL_Driver/Src/stm32f1xx_hal_spi.o
                0x0000000008002410                HAL_SPI_Init
 .text.HAL_SPI_Transmit
                0x0000000008002518      0x278 ./Drivers/STM32F1xx_HAL_Driver/Src/stm32f1xx_hal_spi.o
                0x0000000008002518                HAL_SPI_Transmit
 .text.HAL_SPI_TransmitReceive
                0x0000000008002790      0x344 ./Drivers/STM32F1xx_HAL_Driver/Src/stm32f1xx_hal_spi.o
                0x0000000008002790                HAL_SPI_TransmitReceive
 .text.SPI_WaitFlagStateUntilTimeout
                0x0000000008002ad4      0x110 ./Drivers/STM32F1xx_HAL_Driver/Src/stm32f1xx_hal_spi.o
 .text.SPI_EndRxTxTransaction
                0x0000000008002be4       0x3c ./Drivers/STM32F1xx_HAL_Driver/Src/stm32f1xx_hal_spi.o
 .text.MX_FATFS_Init
                0x0000000008002c20       0x24 ./FATFS/App/fatfs.o
                0x0000000008002c20                MX_FATFS_Init
 .text.get_fattime
                0x0000000008002c44        0xe ./FATFS/App/fatfs.o
                0x0000000008002c44                get_fattime
 .text.USER_initialize
                0x0000000008002c52       0x1e ./FATFS/Target/user_diskio.o
                0x0000000008002c52                USER_initialize
 .text.USER_status
                0x0000000008002c70       0x1e ./FATFS/Target/user_diskio.o
                0x0000000008002c70                USER_status
 .text.USER_read
                0x0000000008002c8e       0x28 ./FATFS/Target/user_diskio.o
                0x0000000008002c8e                USER_read
 .text.USER_write
                0x0000000008002cb6       0x28 ./FATFS/Target/user_diskio.o
                0x0000000008002cb6                USER_write
 .text.USER_ioctl
                0x0000000008002cde       0x28 ./FATFS/Target/user_diskio.o
                0x0000000008002cde                USER_ioctl
 *fill*         0x0000000008002d06        0x2 
 .text.disk_status
                0x0000000008002d08       0x34 ./Middlewares/Third_Party/FatFs/src/diskio.o
                0x0000000008002d08                disk_status
 .text.disk_initialize
                0x0000000008002d3c       0x4c ./Middlewares/Third_Party/FatFs/src/diskio.o
                0x0000000008002d3c                disk_initialize
 .text.disk_read
                0x0000000008002d88       0x40 ./Middlewares/Third_Party/FatFs/src/diskio.o
                0x0000000008002d88                disk_read
 .text.disk_write
                0x0000000008002dc8       0x40 ./Middlewares/Third_Party/FatFs/src/diskio.o
                0x0000000008002dc8                disk_write
 .text.disk_ioctl
                0x0000000008002e08       0x3c ./Middlewares/Third_Party/FatFs/src/diskio.o
                0x0000000008002e08                disk_ioctl
 .text.mem_cpy  0x0000000008002e44       0x3c ./Middlewares/Third_Party/FatFs/src/ff.o
 .text.mem_set  0x0000000008002e80       0x34 ./Middlewares/Third_Party/FatFs/src/ff.o
 .text.mem_cmp  0x0000000008002eb4       0x4c ./Middlewares/Third_Party/FatFs/src/ff.o
 .text.chk_chr  0x0000000008002f00       0x34 ./Middlewares/Third_Party/FatFs/src/ff.o
 .text.chk_lock
                0x0000000008002f34       0xe0 ./Middlewares/Third_Party/FatFs/src/ff.o
 .text.enq_lock
                0x0000000008003014       0x48 ./Middlewares/Third_Party/FatFs/src/ff.o
 .text.inc_lock
                0x000000000800305c      0x178 ./Middlewares/Third_Party/FatFs/src/ff.o
 .text.clear_lock
                0x00000000080031d4       0x54 ./Middlewares/Third_Party/FatFs/src/ff.o
 .text.sync_window
                0x0000000008003228       0xa4 ./Middlewares/Third_Party/FatFs/src/ff.o
 .text.move_window
                0x00000000080032cc       0x64 ./Middlewares/Third_Party/FatFs/src/ff.o
 .text.clust2sect
                0x0000000008003330       0x48 ./Middlewares/Third_Party/FatFs/src/ff.o
                0x0000000008003330                clust2sect
 .text.get_fat  0x0000000008003378      0x1f8 ./Middlewares/Third_Party/FatFs/src/ff.o
                0x0000000008003378                get_fat
 .text.put_fat  0x0000000008003570      0x2a6 ./Middlewares/Third_Party/FatFs/src/ff.o
                0x0000000008003570                put_fat
 .text.remove_chain
                0x0000000008003816       0xc2 ./Middlewares/Third_Party/FatFs/src/ff.o
 .text.create_chain
                0x00000000080038d8      0x150 ./Middlewares/Third_Party/FatFs/src/ff.o
 .text.clmt_clust
                0x0000000008003a28       0x80 ./Middlewares/Third_Party/FatFs/src/ff.o
 .text.dir_sdi  0x0000000008003aa8      0x19c ./Middlewares/Third_Party/FatFs/src/ff.o
 .text.dir_next
                0x0000000008003c44      0x294 ./Middlewares/Third_Party/FatFs/src/ff.o
 .text.dir_alloc
                0x0000000008003ed8       0x9c ./Middlewares/Third_Party/FatFs/src/ff.o
 .text.ld_clust
                0x0000000008003f74       0x5c ./Middlewares/Third_Party/FatFs/src/ff.o
 .text.st_clust
                0x0000000008003fd0       0x4c ./Middlewares/Third_Party/FatFs/src/ff.o
 .text.cmp_lfn  0x000000000800401c       0xdc ./Middlewares/Third_Party/FatFs/src/ff.o
 .text.fit_lfn  0x00000000080040f8       0xe8 ./Middlewares/Third_Party/FatFs/src/ff.o
 .text.gen_numname
                0x00000000080041e0      0x11c ./Middlewares/Third_Party/FatFs/src/ff.o
 .text.sum_sfn  0x00000000080042fc       0x40 ./Middlewares/Third_Party/FatFs/src/ff.o
 .text.dir_find
                0x000000000800433c      0x198 ./Middlewares/Third_Party/FatFs/src/ff.o
 .text.dir_register
                0x00000000080044d4      0x248 ./Middlewares/Third_Party/FatFs/src/ff.o
 .text.create_name
                0x000000000800471c      0x37c ./Middlewares/Third_Party/FatFs/src/ff.o
 .text.follow_path
                0x0000000008004a98       0xec ./Middlewares/Third_Party/FatFs/src/ff.o
 .text.get_ldnumber
                0x0000000008004b84       0x86 ./Middlewares/Third_Party/FatFs/src/ff.o
 *fill*         0x0000000008004c0a        0x2 
 .text.check_fs
                0x0000000008004c0c       0xdc ./Middlewares/Third_Party/FatFs/src/ff.o
 .text.find_volume
                0x0000000008004ce8      0x664 ./Middlewares/Third_Party/FatFs/src/ff.o
 .text.validate
                0x000000000800534c       0x76 ./Middlewares/Third_Party/FatFs/src/ff.o
 *fill*         0x00000000080053c2        0x2 
 .text.f_mount  0x00000000080053c4       0x94 ./Middlewares/Third_Party/FatFs/src/ff.o
                0x00000000080053c4                f_mount
 .text.f_open   0x0000000008005458      0x630 ./Middlewares/Third_Party/FatFs/src/ff.o
                0x0000000008005458                f_open
 .text.f_read   0x0000000008005a88      0x3d0 ./Middlewares/Third_Party/FatFs/src/ff.o
                0x0000000008005a88                f_read
 .text.FATFS_LinkDriverEx
                0x0000000008005e58       0x94 ./Middlewares/Third_Party/FatFs/src/ff_gen_drv.o
                0x0000000008005e58                FATFS_LinkDriverEx
 .text.FATFS_LinkDriver
                0x0000000008005eec       0x1e ./Middlewares/Third_Party/FatFs/src/ff_gen_drv.o
                0x0000000008005eec                FATFS_LinkDriver
 *fill*         0x0000000008005f0a        0x2 
 .text.ff_convert
                0x0000000008005f0c       0x74 ./Middlewares/Third_Party/FatFs/src/option/ccsbcs.o
                0x0000000008005f0c                ff_convert
 .text.ff_wtoupper
                0x0000000008005f80       0x5c ./Middlewares/Third_Party/FatFs/src/option/ccsbcs.o
                0x0000000008005f80                ff_wtoupper
 .text.atoi     0x0000000008005fdc        0x8 c:/st/stm32cubeide_1.12.0/stm32cubeide/plugins/com.st.stm32cube.ide.mcu.externaltools.gnu-tools-for-stm32.10.3-2021.10.win32_1.0.200.202301161003/tools/bin/../lib/gcc/arm-none-eabi/10.3.1/../../../../arm-none-eabi/lib/thumb/v7-m/nofp\libc_nano.a(lib_a-atoi.o)
                0x0000000008005fdc                atoi
 .text.__errno  0x0000000008005fe4        0xc c:/st/stm32cubeide_1.12.0/stm32cubeide/plugins/com.st.stm32cube.ide.mcu.externaltools.gnu-tools-for-stm32.10.3-2021.10.win32_1.0.200.202301161003/tools/bin/../lib/gcc/arm-none-eabi/10.3.1/../../../../arm-none-eabi/lib/thumb/v7-m/nofp\libc_nano.a(lib_a-errno.o)
                0x0000000008005fe4                __errno
 .text.__libc_init_array
                0x0000000008005ff0       0x48 c:/st/stm32cubeide_1.12.0/stm32cubeide/plugins/com.st.stm32cube.ide.mcu.externaltools.gnu-tools-for-stm32.10.3-2021.10.win32_1.0.200.202301161003/tools/bin/../lib/gcc/arm-none-eabi/10.3.1/../../../../arm-none-eabi/lib/thumb/v7-m/nofp\libc_nano.a(lib_a-init.o)
                0x0000000008005ff0                __libc_init_array
 .text.memset   0x0000000008006038       0x10 c:/st/stm32cubeide_1.12.0/stm32cubeide/plugins/com.st.stm32cube.ide.mcu.externaltools.gnu-tools-for-stm32.10.3-2021.10.win32_1.0.200.202301161003/tools/bin/../lib/gcc/arm-none-eabi/10.3.1/../../../../arm-none-eabi/lib/thumb/v7-m/nofp\libc_nano.a(lib_a-memset.o)
                0x0000000008006038                memset
 .text._strtol_l.constprop.0
                0x0000000008006048       0xf8 c:/st/stm32cubeide_1.12.0/stm32cubeide/plugins/com.st.stm32cube.ide.mcu.externaltools.gnu-tools-for-stm32.10.3-2021.10.win32_1.0.200.202301161003/tools/bin/../lib/gcc/arm-none-eabi/10.3.1/../../../../arm-none-eabi/lib/thumb/v7-m/nofp\libc_nano.a(lib_a-strtol.o)
 .text.strtol   0x0000000008006140       0x14 c:/st/stm32cubeide_1.12.0/stm32cubeide/plugins/com.st.stm32cube.ide.mcu.externaltools.gnu-tools-for-stm32.10.3-2021.10.win32_1.0.200.202301161003/tools/bin/../lib/gcc/arm-none-eabi/10.3.1/../../../../arm-none-eabi/lib/thumb/v7-m/nofp\libc_nano.a(lib_a-strtol.o)
                0x0000000008006140                strtol
 *(.glue_7)
 .glue_7        0x0000000008006154        0x0 linker stubs
 *(.glue_7t)
 .glue_7t       0x0000000008006154        0x0 linker stubs
 *(.eh_frame)
 .eh_frame      0x0000000008006154        0x0 c:/st/stm32cubeide_1.12.0/stm32cubeide/plugins/com.st.stm32cube.ide.mcu.externaltools.gnu-tools-for-stm32.10.3-2021.10.win32_1.0.200.202301161003/tools/bin/../lib/gcc/arm-none-eabi/10.3.1/thumb/v7-m/nofp/crtbegin.o
 *(.init)
 .init          0x0000000008006154        0x4 c:/st/stm32cubeide_1.12.0/stm32cubeide/plugins/com.st.stm32cube.ide.mcu.externaltools.gnu-tools-for-stm32.10.3-2021.10.win32_1.0.200.202301161003/tools/bin/../lib/gcc/arm-none-eabi/10.3.1/thumb/v7-m/nofp/crti.o
                0x0000000008006154                _init
 .init          0x0000000008006158        0x8 c:/st/stm32cubeide_1.12.0/stm32cubeide/plugins/com.st.stm32cube.ide.mcu.externaltools.gnu-tools-for-stm32.10.3-2021.10.win32_1.0.200.202301161003/tools/bin/../lib/gcc/arm-none-eabi/10.3.1/thumb/v7-m/nofp/crtn.o
 *(.fini)
 .fini          0x0000000008006160        0x4 c:/st/stm32cubeide_1.12.0/stm32cubeide/plugins/com.st.stm32cube.ide.mcu.externaltools.gnu-tools-for-stm32.10.3-2021.10.win32_1.0.200.202301161003/tools/bin/../lib/gcc/arm-none-eabi/10.3.1/thumb/v7-m/nofp/crti.o
                0x0000000008006160                _fini
 .fini          0x0000000008006164        0x8 c:/st/stm32cubeide_1.12.0/stm32cubeide/plugins/com.st.stm32cube.ide.mcu.externaltools.gnu-tools-for-stm32.10.3-2021.10.win32_1.0.200.202301161003/tools/bin/../lib/gcc/arm-none-eabi/10.3.1/thumb/v7-m/nofp/crtn.o
                0x000000000800616c                . = ALIGN (0x4)
                0x000000000800616c                _etext = .

.vfp11_veneer   0x000000000800616c        0x0
 .vfp11_veneer  0x000000000800616c        0x0 linker stubs

.v4_bx          0x000000000800616c        0x0
 .v4_bx         0x000000000800616c        0x0 linker stubs

.iplt           0x000000000800616c        0x0
 .iplt          0x000000000800616c        0x0 c:/st/stm32cubeide_1.12.0/stm32cubeide/plugins/com.st.stm32cube.ide.mcu.externaltools.gnu-tools-for-stm32.10.3-2021.10.win32_1.0.200.202301161003/tools/bin/../lib/gcc/arm-none-eabi/10.3.1/thumb/v7-m/nofp/crtbegin.o

.rodata         0x000000000800616c      0x6cc
                0x000000000800616c                . = ALIGN (0x4)
 *(.rodata)
 .rodata        0x000000000800616c        0xe ./Core/Src/main.o
 *fill*         0x000000000800617a        0x2 
 .rodata        0x000000000800617c       0x10 ./Drivers/STM32F1xx_HAL_Driver/Src/stm32f1xx_hal_rcc.o
 .rodata        0x000000000800618c       0x48 ./Middlewares/Third_Party/FatFs/src/ff.o
 *(.rodata*)
 .rodata.AHBPrescTable
                0x00000000080061d4       0x10 ./Core/Src/system_stm32f1xx.o
                0x00000000080061d4                AHBPrescTable
 .rodata.ExCvt  0x00000000080061e4       0x80 ./Middlewares/Third_Party/FatFs/src/ff.o
 .rodata.LfnOfs
                0x0000000008006264        0xd ./Middlewares/Third_Party/FatFs/src/ff.o
 *fill*         0x0000000008006271        0x3 
 .rodata.Tbl    0x0000000008006274      0x100 ./Middlewares/Third_Party/FatFs/src/option/ccsbcs.o
 .rodata.tbl_lower.1
                0x0000000008006374      0x1e0 ./Middlewares/Third_Party/FatFs/src/option/ccsbcs.o
 .rodata.tbl_upper.0
                0x0000000008006554      0x1e0 ./Middlewares/Third_Party/FatFs/src/option/ccsbcs.o
 .rodata._ctype_
                0x0000000008006734      0x101 c:/st/stm32cubeide_1.12.0/stm32cubeide/plugins/com.st.stm32cube.ide.mcu.externaltools.gnu-tools-for-stm32.10.3-2021.10.win32_1.0.200.202301161003/tools/bin/../lib/gcc/arm-none-eabi/10.3.1/../../../../arm-none-eabi/lib/thumb/v7-m/nofp\libc_nano.a(lib_a-ctype_.o)
                0x0000000008006734                _ctype_
                0x0000000008006838                . = ALIGN (0x4)
 *fill*         0x0000000008006835        0x3 

.rel.dyn        0x0000000008006838        0x0
 .rel.iplt      0x0000000008006838        0x0 c:/st/stm32cubeide_1.12.0/stm32cubeide/plugins/com.st.stm32cube.ide.mcu.externaltools.gnu-tools-for-stm32.10.3-2021.10.win32_1.0.200.202301161003/tools/bin/../lib/gcc/arm-none-eabi/10.3.1/thumb/v7-m/nofp/crtbegin.o

.ARM.extab      0x0000000008006838        0x0
                0x0000000008006838                . = ALIGN (0x4)
 *(.ARM.extab* .gnu.linkonce.armextab.*)
                0x0000000008006838                . = ALIGN (0x4)

.ARM            0x0000000008006838        0x0
                0x0000000008006838                . = ALIGN (0x4)
                0x0000000008006838                __exidx_start = .
 *(.ARM.exidx*)
                0x0000000008006838                __exidx_end = .
                0x0000000008006838                . = ALIGN (0x4)

.preinit_array  0x0000000008006838        0x0
                0x0000000008006838                . = ALIGN (0x4)
                0x0000000008006838                PROVIDE (__preinit_array_start = .)
 *(.preinit_array*)
                0x0000000008006838                PROVIDE (__preinit_array_end = .)
                0x0000000008006838                . = ALIGN (0x4)

.init_array     0x0000000008006838        0x4
                0x0000000008006838                . = ALIGN (0x4)
                0x0000000008006838                PROVIDE (__init_array_start = .)
 *(SORT_BY_NAME(.init_array.*))
 *(.init_array*)
 .init_array    0x0000000008006838        0x4 c:/st/stm32cubeide_1.12.0/stm32cubeide/plugins/com.st.stm32cube.ide.mcu.externaltools.gnu-tools-for-stm32.10.3-2021.10.win32_1.0.200.202301161003/tools/bin/../lib/gcc/arm-none-eabi/10.3.1/thumb/v7-m/nofp/crtbegin.o
                0x000000000800683c                PROVIDE (__init_array_end = .)
                0x000000000800683c                . = ALIGN (0x4)

.fini_array     0x000000000800683c        0x4
                0x000000000800683c                . = ALIGN (0x4)
                [!provide]                        PROVIDE (__fini_array_start = .)
 *(SORT_BY_NAME(.fini_array.*))
 *(.fini_array*)
 .fini_array    0x000000000800683c        0x4 c:/st/stm32cubeide_1.12.0/stm32cubeide/plugins/com.st.stm32cube.ide.mcu.externaltools.gnu-tools-for-stm32.10.3-2021.10.win32_1.0.200.202301161003/tools/bin/../lib/gcc/arm-none-eabi/10.3.1/thumb/v7-m/nofp/crtbegin.o
                [!provide]                        PROVIDE (__fini_array_end = .)
                0x0000000008006840                . = ALIGN (0x4)
                0x0000000008006840                _sidata = LOADADDR (.data)

.data           0x0000000020000000       0x90 load address 0x0000000008006840
                0x0000000020000000                . = ALIGN (0x4)
                0x0000000020000000                _sdata = .
 *(.data)
 *(.data*)
 .data.Stat     0x0000000020000000        0x1 ./Core/Src/fatfs_sd.o
 *fill*         0x0000000020000001        0x1 
 .data.start_pag
                0x0000000020000002        0x2 ./Core/Src/main.o
                0x0000000020000002                start_pag
 .data.end_pag  0x0000000020000004        0x2 ./Core/Src/main.o
                0x0000000020000004                end_pag
 .data.start_col
                0x0000000020000006        0x2 ./Core/Src/main.o
                0x0000000020000006                start_col
 .data.end_col  0x0000000020000008        0x2 ./Core/Src/main.o
                0x0000000020000008                end_col
 .data.selected_clr
                0x000000002000000a        0x2 ./Core/Src/main.o
                0x000000002000000a                selected_clr
 .data.SystemCoreClock
                0x000000002000000c        0x4 ./Core/Src/system_stm32f1xx.o
                0x000000002000000c                SystemCoreClock
 .data.uwTickPrio
                0x0000000020000010        0x4 ./Drivers/STM32F1xx_HAL_Driver/Src/stm32f1xx_hal.o
                0x0000000020000010                uwTickPrio
 .data.uwTickFreq
                0x0000000020000014        0x1 ./Drivers/STM32F1xx_HAL_Driver/Src/stm32f1xx_hal.o
                0x0000000020000014                uwTickFreq
 *fill*         0x0000000020000015        0x3 
 .data.USER_Driver
                0x0000000020000018       0x14 ./FATFS/Target/user_diskio.o
                0x0000000020000018                USER_Driver
 .data._impure_ptr
                0x000000002000002c        0x4 c:/st/stm32cubeide_1.12.0/stm32cubeide/plugins/com.st.stm32cube.ide.mcu.externaltools.gnu-tools-for-stm32.10.3-2021.10.win32_1.0.200.202301161003/tools/bin/../lib/gcc/arm-none-eabi/10.3.1/../../../../arm-none-eabi/lib/thumb/v7-m/nofp\libc_nano.a(lib_a-impure.o)
                0x000000002000002c                _impure_ptr
 .data.impure_data
                0x0000000020000030       0x60 c:/st/stm32cubeide_1.12.0/stm32cubeide/plugins/com.st.stm32cube.ide.mcu.externaltools.gnu-tools-for-stm32.10.3-2021.10.win32_1.0.200.202301161003/tools/bin/../lib/gcc/arm-none-eabi/10.3.1/../../../../arm-none-eabi/lib/thumb/v7-m/nofp\libc_nano.a(lib_a-impure.o)
 *(.RamFunc)
 *(.RamFunc*)
                0x0000000020000090                . = ALIGN (0x4)
                0x0000000020000090                _edata = .

.igot.plt       0x0000000020000090        0x0 load address 0x00000000080068d0
 .igot.plt      0x0000000020000090        0x0 c:/st/stm32cubeide_1.12.0/stm32cubeide/plugins/com.st.stm32cube.ide.mcu.externaltools.gnu-tools-for-stm32.10.3-2021.10.win32_1.0.200.202301161003/tools/bin/../lib/gcc/arm-none-eabi/10.3.1/thumb/v7-m/nofp/crtbegin.o
                0x0000000020000090                . = ALIGN (0x4)

.bss            0x0000000020000090     0x16e8 load address 0x00000000080068d0
                0x0000000020000090                _sbss = .
                0x0000000020000090                __bss_start__ = _sbss
 *(.bss)
 .bss           0x0000000020000090       0x1c c:/st/stm32cubeide_1.12.0/stm32cubeide/plugins/com.st.stm32cube.ide.mcu.externaltools.gnu-tools-for-stm32.10.3-2021.10.win32_1.0.200.202301161003/tools/bin/../lib/gcc/arm-none-eabi/10.3.1/thumb/v7-m/nofp/crtbegin.o
 *(.bss*)
 .bss.Timer1    0x00000000200000ac        0x2 ./Core/Src/fatfs_sd.o
                0x00000000200000ac                Timer1
 .bss.Timer2    0x00000000200000ae        0x2 ./Core/Src/fatfs_sd.o
                0x00000000200000ae                Timer2
 .bss.CardType  0x00000000200000b0        0x1 ./Core/Src/fatfs_sd.o
 .bss.PowerFlag
                0x00000000200000b1        0x1 ./Core/Src/fatfs_sd.o
 *fill*         0x00000000200000b2        0x2 
 .bss.hspi1     0x00000000200000b4       0x58 ./Core/Src/main.o
                0x00000000200000b4                hspi1
 .bss.fil       0x000000002000010c     0x102c ./Core/Src/main.o
                0x000000002000010c                fil
 .bss.buffer    0x0000000020001138      0x400 ./Core/Src/main.o
                0x0000000020001138                buffer
 .bss.br        0x0000000020001538        0x4 ./Core/Src/main.o
                0x0000000020001538                br
 .bss.pfs       0x000000002000153c        0x4 ./Core/Src/main.o
                0x000000002000153c                pfs
 .bss.uwTick    0x0000000020001540        0x4 ./Drivers/STM32F1xx_HAL_Driver/Src/stm32f1xx_hal.o
                0x0000000020001540                uwTick
 .bss.retUSER   0x0000000020001544        0x1 ./FATFS/App/fatfs.o
                0x0000000020001544                retUSER
 *fill*         0x0000000020001545        0x3 
 .bss.USERPath  0x0000000020001548        0x4 ./FATFS/App/fatfs.o
                0x0000000020001548                USERPath
 .bss.FatFs     0x000000002000154c        0x4 ./Middlewares/Third_Party/FatFs/src/ff.o
 .bss.Fsid      0x0000000020001550        0x2 ./Middlewares/Third_Party/FatFs/src/ff.o
 *fill*         0x0000000020001552        0x2 
 .bss.Files     0x0000000020001554       0x18 ./Middlewares/Third_Party/FatFs/src/ff.o
 .bss.LfnBuf    0x000000002000156c      0x200 ./Middlewares/Third_Party/FatFs/src/ff.o
 .bss.disk      0x000000002000176c        0xc ./Middlewares/Third_Party/FatFs/src/ff_gen_drv.o
                0x000000002000176c                disk
 *(COMMON)
                0x0000000020001778                . = ALIGN (0x4)
                0x0000000020001778                _ebss = .
                0x0000000020001778                __bss_end__ = _ebss

._user_heap_stack
                0x0000000020001778      0x600 load address 0x00000000080068d0
                0x0000000020001778                . = ALIGN (0x8)
                [!provide]                        PROVIDE (end = .)
                0x0000000020001778                PROVIDE (_end = .)
                0x0000000020001978                . = (. + _Min_Heap_Size)
 *fill*         0x0000000020001778      0x200 
                0x0000000020001d78                . = (. + _Min_Stack_Size)
 *fill*         0x0000000020001978      0x400 
                0x0000000020001d78                . = ALIGN (0x8)

/DISCARD/
 libc.a(*)
 libm.a(*)
 libgcc.a(*)

.ARM.attributes
                0x0000000000000000       0x29
 *(.ARM.attributes)
 .ARM.attributes
                0x0000000000000000       0x1d c:/st/stm32cubeide_1.12.0/stm32cubeide/plugins/com.st.stm32cube.ide.mcu.externaltools.gnu-tools-for-stm32.10.3-2021.10.win32_1.0.200.202301161003/tools/bin/../lib/gcc/arm-none-eabi/10.3.1/thumb/v7-m/nofp/crti.o
 .ARM.attributes
                0x000000000000001d       0x2d c:/st/stm32cubeide_1.12.0/stm32cubeide/plugins/com.st.stm32cube.ide.mcu.externaltools.gnu-tools-for-stm32.10.3-2021.10.win32_1.0.200.202301161003/tools/bin/../lib/gcc/arm-none-eabi/10.3.1/thumb/v7-m/nofp/crtbegin.o
 .ARM.attributes
                0x000000000000004a       0x2d ./Core/Src/ILI9341_interface.o
 .ARM.attributes
                0x0000000000000077       0x2d ./Core/Src/fatfs_sd.o
 .ARM.attributes
                0x00000000000000a4       0x2d ./Core/Src/main.o
 .ARM.attributes
                0x00000000000000d1       0x2d ./Core/Src/stm32f1xx_hal_msp.o
 .ARM.attributes
                0x00000000000000fe       0x2d ./Core/Src/stm32f1xx_it.o
 .ARM.attributes
                0x000000000000012b       0x2d ./Core/Src/system_stm32f1xx.o
 .ARM.attributes
                0x0000000000000158       0x21 ./Core/Startup/startup_stm32f103tbux.o
 .ARM.attributes
                0x0000000000000179       0x2d ./Drivers/STM32F1xx_HAL_Driver/Src/stm32f1xx_hal.o
 .ARM.attributes
                0x00000000000001a6       0x2d ./Drivers/STM32F1xx_HAL_Driver/Src/stm32f1xx_hal_cortex.o
 .ARM.attributes
                0x00000000000001d3       0x2d ./Drivers/STM32F1xx_HAL_Driver/Src/stm32f1xx_hal_gpio.o
 .ARM.attributes
                0x0000000000000200       0x2d ./Drivers/STM32F1xx_HAL_Driver/Src/stm32f1xx_hal_rcc.o
 .ARM.attributes
                0x000000000000022d       0x2d ./Drivers/STM32F1xx_HAL_Driver/Src/stm32f1xx_hal_spi.o
 .ARM.attributes
                0x000000000000025a       0x2d ./FATFS/App/fatfs.o
 .ARM.attributes
                0x0000000000000287       0x2d ./FATFS/Target/user_diskio.o
 .ARM.attributes
                0x00000000000002b4       0x2d ./Middlewares/Third_Party/FatFs/src/diskio.o
 .ARM.attributes
                0x00000000000002e1       0x2d ./Middlewares/Third_Party/FatFs/src/ff.o
 .ARM.attributes
                0x000000000000030e       0x2d ./Middlewares/Third_Party/FatFs/src/ff_gen_drv.o
 .ARM.attributes
                0x000000000000033b       0x2d ./Middlewares/Third_Party/FatFs/src/option/ccsbcs.o
 .ARM.attributes
                0x0000000000000368       0x2d c:/st/stm32cubeide_1.12.0/stm32cubeide/plugins/com.st.stm32cube.ide.mcu.externaltools.gnu-tools-for-stm32.10.3-2021.10.win32_1.0.200.202301161003/tools/bin/../lib/gcc/arm-none-eabi/10.3.1/../../../../arm-none-eabi/lib/thumb/v7-m/nofp\libc_nano.a(lib_a-atoi.o)
 .ARM.attributes
                0x0000000000000395       0x2d c:/st/stm32cubeide_1.12.0/stm32cubeide/plugins/com.st.stm32cube.ide.mcu.externaltools.gnu-tools-for-stm32.10.3-2021.10.win32_1.0.200.202301161003/tools/bin/../lib/gcc/arm-none-eabi/10.3.1/../../../../arm-none-eabi/lib/thumb/v7-m/nofp\libc_nano.a(lib_a-errno.o)
 .ARM.attributes
                0x00000000000003c2       0x2d c:/st/stm32cubeide_1.12.0/stm32cubeide/plugins/com.st.stm32cube.ide.mcu.externaltools.gnu-tools-for-stm32.10.3-2021.10.win32_1.0.200.202301161003/tools/bin/../lib/gcc/arm-none-eabi/10.3.1/../../../../arm-none-eabi/lib/thumb/v7-m/nofp\libc_nano.a(lib_a-impure.o)
 .ARM.attributes
                0x00000000000003ef       0x2d c:/st/stm32cubeide_1.12.0/stm32cubeide/plugins/com.st.stm32cube.ide.mcu.externaltools.gnu-tools-for-stm32.10.3-2021.10.win32_1.0.200.202301161003/tools/bin/../lib/gcc/arm-none-eabi/10.3.1/../../../../arm-none-eabi/lib/thumb/v7-m/nofp\libc_nano.a(lib_a-init.o)
 .ARM.attributes
                0x000000000000041c       0x2d c:/st/stm32cubeide_1.12.0/stm32cubeide/plugins/com.st.stm32cube.ide.mcu.externaltools.gnu-tools-for-stm32.10.3-2021.10.win32_1.0.200.202301161003/tools/bin/../lib/gcc/arm-none-eabi/10.3.1/../../../../arm-none-eabi/lib/thumb/v7-m/nofp\libc_nano.a(lib_a-memset.o)
 .ARM.attributes
                0x0000000000000449       0x2d c:/st/stm32cubeide_1.12.0/stm32cubeide/plugins/com.st.stm32cube.ide.mcu.externaltools.gnu-tools-for-stm32.10.3-2021.10.win32_1.0.200.202301161003/tools/bin/../lib/gcc/arm-none-eabi/10.3.1/../../../../arm-none-eabi/lib/thumb/v7-m/nofp\libc_nano.a(lib_a-strtol.o)
 .ARM.attributes
                0x0000000000000476       0x2d c:/st/stm32cubeide_1.12.0/stm32cubeide/plugins/com.st.stm32cube.ide.mcu.externaltools.gnu-tools-for-stm32.10.3-2021.10.win32_1.0.200.202301161003/tools/bin/../lib/gcc/arm-none-eabi/10.3.1/../../../../arm-none-eabi/lib/thumb/v7-m/nofp\libc_nano.a(lib_a-ctype_.o)
 .ARM.attributes
                0x00000000000004a3       0x1d c:/st/stm32cubeide_1.12.0/stm32cubeide/plugins/com.st.stm32cube.ide.mcu.externaltools.gnu-tools-for-stm32.10.3-2021.10.win32_1.0.200.202301161003/tools/bin/../lib/gcc/arm-none-eabi/10.3.1/thumb/v7-m/nofp/crtn.o
OUTPUT(Console_Project.elf elf32-littlearm)
LOAD linker stubs
LOAD c:/st/stm32cubeide_1.12.0/stm32cubeide/plugins/com.st.stm32cube.ide.mcu.externaltools.gnu-tools-for-stm32.10.3-2021.10.win32_1.0.200.202301161003/tools/bin/../lib/gcc/arm-none-eabi/10.3.1/../../../../arm-none-eabi/lib/thumb/v7-m/nofp\libc.a
LOAD c:/st/stm32cubeide_1.12.0/stm32cubeide/plugins/com.st.stm32cube.ide.mcu.externaltools.gnu-tools-for-stm32.10.3-2021.10.win32_1.0.200.202301161003/tools/bin/../lib/gcc/arm-none-eabi/10.3.1/../../../../arm-none-eabi/lib/thumb/v7-m/nofp\libm.a
LOAD c:/st/stm32cubeide_1.12.0/stm32cubeide/plugins/com.st.stm32cube.ide.mcu.externaltools.gnu-tools-for-stm32.10.3-2021.10.win32_1.0.200.202301161003/tools/bin/../lib/gcc/arm-none-eabi/10.3.1/thumb/v7-m/nofp\libgcc.a

.debug_info     0x0000000000000000     0xa440
 .debug_info    0x0000000000000000      0x8a9 ./Core/Src/ILI9341_interface.o
 .debug_info    0x00000000000008a9      0xc57 ./Core/Src/fatfs_sd.o
 .debug_info    0x0000000000001500     0x1230 ./Core/Src/main.o
 .debug_info    0x0000000000002730      0x885 ./Core/Src/stm32f1xx_hal_msp.o
 .debug_info    0x0000000000002fb5      0x1b3 ./Core/Src/stm32f1xx_it.o
 .debug_info    0x0000000000003168      0x23d ./Core/Src/system_stm32f1xx.o
 .debug_info    0x00000000000033a5       0x22 ./Core/Startup/startup_stm32f103tbux.o
 .debug_info    0x00000000000033c7      0x734 ./Drivers/STM32F1xx_HAL_Driver/Src/stm32f1xx_hal.o
 .debug_info    0x0000000000003afb      0xb20 ./Drivers/STM32F1xx_HAL_Driver/Src/stm32f1xx_hal_cortex.o
 .debug_info    0x000000000000461b      0x615 ./Drivers/STM32F1xx_HAL_Driver/Src/stm32f1xx_hal_gpio.o
 .debug_info    0x0000000000004c30      0x860 ./Drivers/STM32F1xx_HAL_Driver/Src/stm32f1xx_hal_rcc.o
 .debug_info    0x0000000000005490     0x1658 ./Drivers/STM32F1xx_HAL_Driver/Src/stm32f1xx_hal_spi.o
 .debug_info    0x0000000000006ae8      0x52d ./FATFS/App/fatfs.o
 .debug_info    0x0000000000007015      0x3dc ./FATFS/Target/user_diskio.o
 .debug_info    0x00000000000073f1      0x40d ./Middlewares/Third_Party/FatFs/src/diskio.o
 .debug_info    0x00000000000077fe     0x2721 ./Middlewares/Third_Party/FatFs/src/ff.o
 .debug_info    0x0000000000009f1f      0x3a4 ./Middlewares/Third_Party/FatFs/src/ff_gen_drv.o
 .debug_info    0x000000000000a2c3      0x17d ./Middlewares/Third_Party/FatFs/src/option/ccsbcs.o

.debug_abbrev   0x0000000000000000     0x213a
 .debug_abbrev  0x0000000000000000      0x1d7 ./Core/Src/ILI9341_interface.o
 .debug_abbrev  0x00000000000001d7      0x2ec ./Core/Src/fatfs_sd.o
 .debug_abbrev  0x00000000000004c3      0x38e ./Core/Src/main.o
 .debug_abbrev  0x0000000000000851      0x194 ./Core/Src/stm32f1xx_hal_msp.o
 .debug_abbrev  0x00000000000009e5       0xb2 ./Core/Src/stm32f1xx_it.o
 .debug_abbrev  0x0000000000000a97      0x13b ./Core/Src/system_stm32f1xx.o
 .debug_abbrev  0x0000000000000bd2       0x12 ./Core/Startup/startup_stm32f103tbux.o
 .debug_abbrev  0x0000000000000be4      0x1fb ./Drivers/STM32F1xx_HAL_Driver/Src/stm32f1xx_hal.o
 .debug_abbrev  0x0000000000000ddf      0x2ed ./Drivers/STM32F1xx_HAL_Driver/Src/stm32f1xx_hal_cortex.o
 .debug_abbrev  0x00000000000010cc      0x1bb ./Drivers/STM32F1xx_HAL_Driver/Src/stm32f1xx_hal_gpio.o
 .debug_abbrev  0x0000000000001287      0x2a8 ./Drivers/STM32F1xx_HAL_Driver/Src/stm32f1xx_hal_rcc.o
 .debug_abbrev  0x000000000000152f      0x26e ./Drivers/STM32F1xx_HAL_Driver/Src/stm32f1xx_hal_spi.o
 .debug_abbrev  0x000000000000179d      0x19a ./FATFS/App/fatfs.o
 .debug_abbrev  0x0000000000001937      0x155 ./FATFS/Target/user_diskio.o
 .debug_abbrev  0x0000000000001a8c      0x178 ./Middlewares/Third_Party/FatFs/src/diskio.o
 .debug_abbrev  0x0000000000001c04      0x2cd ./Middlewares/Third_Party/FatFs/src/ff.o
 .debug_abbrev  0x0000000000001ed1      0x196 ./Middlewares/Third_Party/FatFs/src/ff_gen_drv.o
 .debug_abbrev  0x0000000000002067       0xd3 ./Middlewares/Third_Party/FatFs/src/option/ccsbcs.o

.debug_aranges  0x0000000000000000      0xa10
 .debug_aranges
                0x0000000000000000       0x50 ./Core/Src/ILI9341_interface.o
 .debug_aranges
                0x0000000000000050       0xa8 ./Core/Src/fatfs_sd.o
 .debug_aranges
                0x00000000000000f8       0x58 ./Core/Src/main.o
 .debug_aranges
                0x0000000000000150       0x30 ./Core/Src/stm32f1xx_hal_msp.o
 .debug_aranges
                0x0000000000000180       0x80 ./Core/Src/stm32f1xx_it.o
 .debug_aranges
                0x0000000000000200       0x28 ./Core/Src/system_stm32f1xx.o
 .debug_aranges
                0x0000000000000228       0x28 ./Core/Startup/startup_stm32f103tbux.o
 .debug_aranges
                0x0000000000000250       0xe0 ./Drivers/STM32F1xx_HAL_Driver/Src/stm32f1xx_hal.o
 .debug_aranges
                0x0000000000000330      0x100 ./Drivers/STM32F1xx_HAL_Driver/Src/stm32f1xx_hal_cortex.o
 .debug_aranges
                0x0000000000000430       0x58 ./Drivers/STM32F1xx_HAL_Driver/Src/stm32f1xx_hal_gpio.o
 .debug_aranges
                0x0000000000000488       0x90 ./Drivers/STM32F1xx_HAL_Driver/Src/stm32f1xx_hal_rcc.o
 .debug_aranges
                0x0000000000000518      0x1d0 ./Drivers/STM32F1xx_HAL_Driver/Src/stm32f1xx_hal_spi.o
 .debug_aranges
                0x00000000000006e8       0x28 ./FATFS/App/fatfs.o
 .debug_aranges
                0x0000000000000710       0x40 ./FATFS/Target/user_diskio.o
 .debug_aranges
                0x0000000000000750       0x48 ./Middlewares/Third_Party/FatFs/src/diskio.o
 .debug_aranges
                0x0000000000000798      0x210 ./Middlewares/Third_Party/FatFs/src/ff.o
 .debug_aranges
                0x00000000000009a8       0x40 ./Middlewares/Third_Party/FatFs/src/ff_gen_drv.o
 .debug_aranges
                0x00000000000009e8       0x28 ./Middlewares/Third_Party/FatFs/src/option/ccsbcs.o

.debug_ranges   0x0000000000000000      0x8f8
 .debug_ranges  0x0000000000000000       0x40 ./Core/Src/ILI9341_interface.o
 .debug_ranges  0x0000000000000040       0x98 ./Core/Src/fatfs_sd.o
 .debug_ranges  0x00000000000000d8       0x48 ./Core/Src/main.o
 .debug_ranges  0x0000000000000120       0x20 ./Core/Src/stm32f1xx_hal_msp.o
 .debug_ranges  0x0000000000000140       0x70 ./Core/Src/stm32f1xx_it.o
 .debug_ranges  0x00000000000001b0       0x18 ./Core/Src/system_stm32f1xx.o
 .debug_ranges  0x00000000000001c8       0x20 ./Core/Startup/startup_stm32f103tbux.o
 .debug_ranges  0x00000000000001e8       0xd0 ./Drivers/STM32F1xx_HAL_Driver/Src/stm32f1xx_hal.o
 .debug_ranges  0x00000000000002b8       0xf0 ./Drivers/STM32F1xx_HAL_Driver/Src/stm32f1xx_hal_cortex.o
 .debug_ranges  0x00000000000003a8       0x48 ./Drivers/STM32F1xx_HAL_Driver/Src/stm32f1xx_hal_gpio.o
 .debug_ranges  0x00000000000003f0       0x80 ./Drivers/STM32F1xx_HAL_Driver/Src/stm32f1xx_hal_rcc.o
 .debug_ranges  0x0000000000000470      0x1c0 ./Drivers/STM32F1xx_HAL_Driver/Src/stm32f1xx_hal_spi.o
 .debug_ranges  0x0000000000000630       0x18 ./FATFS/App/fatfs.o
 .debug_ranges  0x0000000000000648       0x30 ./FATFS/Target/user_diskio.o
 .debug_ranges  0x0000000000000678       0x38 ./Middlewares/Third_Party/FatFs/src/diskio.o
 .debug_ranges  0x00000000000006b0      0x200 ./Middlewares/Third_Party/FatFs/src/ff.o
 .debug_ranges  0x00000000000008b0       0x30 ./Middlewares/Third_Party/FatFs/src/ff_gen_drv.o
 .debug_ranges  0x00000000000008e0       0x18 ./Middlewares/Third_Party/FatFs/src/option/ccsbcs.o

.debug_macro    0x0000000000000000    0x180b2
 .debug_macro   0x0000000000000000      0x1bb ./Core/Src/ILI9341_interface.o
 .debug_macro   0x00000000000001bb      0xa6c ./Core/Src/ILI9341_interface.o
 .debug_macro   0x0000000000000c27      0x215 ./Core/Src/ILI9341_interface.o
 .debug_macro   0x0000000000000e3c       0x2e ./Core/Src/ILI9341_interface.o
 .debug_macro   0x0000000000000e6a       0x22 ./Core/Src/ILI9341_interface.o
 .debug_macro   0x0000000000000e8c       0x22 ./Core/Src/ILI9341_interface.o
 .debug_macro   0x0000000000000eae       0x8e ./Core/Src/ILI9341_interface.o
 .debug_macro   0x0000000000000f3c       0x51 ./Core/Src/ILI9341_interface.o
 .debug_macro   0x0000000000000f8d      0x103 ./Core/Src/ILI9341_interface.o
 .debug_macro   0x0000000000001090       0x6a ./Core/Src/ILI9341_interface.o
 .debug_macro   0x00000000000010fa      0x1df ./Core/Src/ILI9341_interface.o
 .debug_macro   0x00000000000012d9       0x1c ./Core/Src/ILI9341_interface.o
 .debug_macro   0x00000000000012f5       0x22 ./Core/Src/ILI9341_interface.o
 .debug_macro   0x0000000000001317       0xbd ./Core/Src/ILI9341_interface.o
 .debug_macro   0x00000000000013d4      0xd23 ./Core/Src/ILI9341_interface.o
 .debug_macro   0x00000000000020f7     0xe09e ./Core/Src/ILI9341_interface.o
 .debug_macro   0x0000000000010195       0x6d ./Core/Src/ILI9341_interface.o
 .debug_macro   0x0000000000010202     0x3468 ./Core/Src/ILI9341_interface.o
 .debug_macro   0x000000000001366a      0x174 ./Core/Src/ILI9341_interface.o
 .debug_macro   0x00000000000137de       0x5c ./Core/Src/ILI9341_interface.o
 .debug_macro   0x000000000001383a      0x5be ./Core/Src/ILI9341_interface.o
 .debug_macro   0x0000000000013df8      0x289 ./Core/Src/ILI9341_interface.o
 .debug_macro   0x0000000000014081      0x1cb ./Core/Src/ILI9341_interface.o
 .debug_macro   0x000000000001424c      0x114 ./Core/Src/ILI9341_interface.o
 .debug_macro   0x0000000000014360      0x1b2 ./Core/Src/ILI9341_interface.o
 .debug_macro   0x0000000000014512       0x27 ./Core/Src/ILI9341_interface.o
 .debug_macro   0x0000000000014539      0x136 ./Core/Src/ILI9341_interface.o
 .debug_macro   0x000000000001466f      0x1bc ./Core/Src/ILI9341_interface.o
 .debug_macro   0x000000000001482b       0x34 ./Core/Src/ILI9341_interface.o
 .debug_macro   0x000000000001485f       0x3c ./Core/Src/ILI9341_interface.o
 .debug_macro   0x000000000001489b       0x57 ./Core/Src/ILI9341_interface.o
 .debug_macro   0x00000000000148f2       0x88 ./Core/Src/ILI9341_interface.o
 .debug_macro   0x000000000001497a      0x241 ./Core/Src/ILI9341_interface.o
 .debug_macro   0x0000000000014bbb      0x141 ./Core/Src/ILI9341_interface.o
 .debug_macro   0x0000000000014cfc      0x217 ./Core/Src/ILI9341_interface.o
 .debug_macro   0x0000000000014f13       0x83 ./Core/Src/ILI9341_interface.o
 .debug_macro   0x0000000000014f96       0x16 ./Core/Src/ILI9341_interface.o
 .debug_macro   0x0000000000014fac      0x214 ./Core/Src/fatfs_sd.o
 .debug_macro   0x00000000000151c0       0x16 ./Core/Src/fatfs_sd.o
 .debug_macro   0x00000000000151d6       0x7c ./Core/Src/fatfs_sd.o
 .debug_macro   0x0000000000015252       0xca ./Core/Src/fatfs_sd.o
 .debug_macro   0x000000000001531c       0xd8 ./Core/Src/fatfs_sd.o
 .debug_macro   0x00000000000153f4       0xf5 ./Core/Src/fatfs_sd.o
 .debug_macro   0x00000000000154e9       0x94 ./Core/Src/fatfs_sd.o
 .debug_macro   0x000000000001557d      0x314 ./Core/Src/main.o
 .debug_macro   0x0000000000015891       0xc4 ./Core/Src/main.o
 .debug_macro   0x0000000000015955       0xde ./Core/Src/main.o
 .debug_macro   0x0000000000015a33       0x8e ./Core/Src/main.o
 .debug_macro   0x0000000000015ac1       0x52 ./Core/Src/main.o
 .debug_macro   0x0000000000015b13       0x18 ./Core/Src/main.o
 .debug_macro   0x0000000000015b2b       0x3c ./Core/Src/main.o
 .debug_macro   0x0000000000015b67       0x34 ./Core/Src/main.o
 .debug_macro   0x0000000000015b9b      0x341 ./Core/Src/main.o
 .debug_macro   0x0000000000015edc      0x119 ./Core/Src/main.o
 .debug_macro   0x0000000000015ff5       0x16 ./Core/Src/main.o
 .debug_macro   0x000000000001600b       0x35 ./Core/Src/main.o
 .debug_macro   0x0000000000016040       0x16 ./Core/Src/main.o
 .debug_macro   0x0000000000016056       0x43 ./Core/Src/main.o
 .debug_macro   0x0000000000016099       0x34 ./Core/Src/main.o
 .debug_macro   0x00000000000160cd       0x10 ./Core/Src/main.o
 .debug_macro   0x00000000000160dd       0x58 ./Core/Src/main.o
 .debug_macro   0x0000000000016135       0x71 ./Core/Src/main.o
 .debug_macro   0x00000000000161a6       0x1c ./Core/Src/main.o
 .debug_macro   0x00000000000161c2      0x12a ./Core/Src/main.o
 .debug_macro   0x00000000000162ec       0x16 ./Core/Src/main.o
 .debug_macro   0x0000000000016302       0x29 ./Core/Src/main.o
 .debug_macro   0x000000000001632b      0x19d ./Core/Src/stm32f1xx_hal_msp.o
 .debug_macro   0x00000000000164c8      0x2d1 ./Core/Src/stm32f1xx_it.o
 .debug_macro   0x0000000000016799       0x10 ./Core/Src/stm32f1xx_it.o
 .debug_macro   0x00000000000167a9       0x20 ./Core/Src/stm32f1xx_it.o
 .debug_macro   0x00000000000167c9      0x18e ./Core/Src/system_stm32f1xx.o
 .debug_macro   0x0000000000016957      0x1b2 ./Drivers/STM32F1xx_HAL_Driver/Src/stm32f1xx_hal.o
 .debug_macro   0x0000000000016b09      0x18e ./Drivers/STM32F1xx_HAL_Driver/Src/stm32f1xx_hal_cortex.o
 .debug_macro   0x0000000000016c97      0x1f9 ./Drivers/STM32F1xx_HAL_Driver/Src/stm32f1xx_hal_gpio.o
 .debug_macro   0x0000000000016e90      0x1a0 ./Drivers/STM32F1xx_HAL_Driver/Src/stm32f1xx_hal_rcc.o
 .debug_macro   0x0000000000017030      0x196 ./Drivers/STM32F1xx_HAL_Driver/Src/stm32f1xx_hal_spi.o
 .debug_macro   0x00000000000171c6      0x1f0 ./FATFS/App/fatfs.o
 .debug_macro   0x00000000000173b6      0x2a5 ./FATFS/Target/user_diskio.o
 .debug_macro   0x000000000001765b       0x56 ./FATFS/Target/user_diskio.o
 .debug_macro   0x00000000000176b1      0x1dd ./Middlewares/Third_Party/FatFs/src/diskio.o
 .debug_macro   0x000000000001788e      0x424 ./Middlewares/Third_Party/FatFs/src/ff.o
 .debug_macro   0x0000000000017cb2       0x58 ./Middlewares/Third_Party/FatFs/src/ff.o
 .debug_macro   0x0000000000017d0a      0x1dd ./Middlewares/Third_Party/FatFs/src/ff_gen_drv.o
 .debug_macro   0x0000000000017ee7      0x1cb ./Middlewares/Third_Party/FatFs/src/option/ccsbcs.o

.debug_line     0x0000000000000000     0xd94f
 .debug_line    0x0000000000000000      0x773 ./Core/Src/ILI9341_interface.o
 .debug_line    0x0000000000000773      0xdc3 ./Core/Src/fatfs_sd.o
 .debug_line    0x0000000000001536      0xa7f ./Core/Src/main.o
 .debug_line    0x0000000000001fb5      0x69b ./Core/Src/stm32f1xx_hal_msp.o
 .debug_line    0x0000000000002650      0x986 ./Core/Src/stm32f1xx_it.o
 .debug_line    0x0000000000002fd6      0x6c6 ./Core/Src/system_stm32f1xx.o
 .debug_line    0x000000000000369c       0x87 ./Core/Startup/startup_stm32f103tbux.o
 .debug_line    0x0000000000003723      0x8f3 ./Drivers/STM32F1xx_HAL_Driver/Src/stm32f1xx_hal.o
 .debug_line    0x0000000000004016      0xadb ./Drivers/STM32F1xx_HAL_Driver/Src/stm32f1xx_hal_cortex.o
 .debug_line    0x0000000000004af1      0x98a ./Drivers/STM32F1xx_HAL_Driver/Src/stm32f1xx_hal_gpio.o
 .debug_line    0x000000000000547b      0xd01 ./Drivers/STM32F1xx_HAL_Driver/Src/stm32f1xx_hal_rcc.o
 .debug_line    0x000000000000617c     0x1b78 ./Drivers/STM32F1xx_HAL_Driver/Src/stm32f1xx_hal_spi.o
 .debug_line    0x0000000000007cf4      0x6e3 ./FATFS/App/fatfs.o
 .debug_line    0x00000000000083d7      0x866 ./FATFS/Target/user_diskio.o
 .debug_line    0x0000000000008c3d      0x754 ./Middlewares/Third_Party/FatFs/src/diskio.o
 .debug_line    0x0000000000009391     0x36f8 ./Middlewares/Third_Party/FatFs/src/ff.o
 .debug_line    0x000000000000ca89      0x771 ./Middlewares/Third_Party/FatFs/src/ff_gen_drv.o
 .debug_line    0x000000000000d1fa      0x755 ./Middlewares/Third_Party/FatFs/src/option/ccsbcs.o

.debug_str      0x0000000000000000    0x82e54
 .debug_str     0x0000000000000000    0x7c097 ./Core/Src/ILI9341_interface.o
                                      0x7c432 (size before relaxing)
 .debug_str     0x000000000007c097      0xe02 ./Core/Src/fatfs_sd.o
                                      0x7d0ee (size before relaxing)
 .debug_str     0x000000000007ce99     0x3df8 ./Core/Src/main.o
                                      0x80d98 (size before relaxing)
 .debug_str     0x0000000000080c91       0x91 ./Core/Src/stm32f1xx_hal_msp.o
                                      0x7c670 (size before relaxing)
 .debug_str     0x0000000000080d22      0x195 ./Core/Src/stm32f1xx_it.o
                                      0x7f9ce (size before relaxing)
 .debug_str     0x0000000000080eb7       0x7e ./Core/Src/system_stm32f1xx.o
                                      0x7bf1a (size before relaxing)
 .debug_str     0x0000000000080f35       0x36 ./Core/Startup/startup_stm32f103tbux.o
                                         0x77 (size before relaxing)
 .debug_str     0x0000000000080f6b      0x37a ./Drivers/STM32F1xx_HAL_Driver/Src/stm32f1xx_hal.o
                                      0x7c64d (size before relaxing)
 .debug_str     0x00000000000812e5      0x2a8 ./Drivers/STM32F1xx_HAL_Driver/Src/stm32f1xx_hal_cortex.o
                                      0x7c599 (size before relaxing)
 .debug_str     0x000000000008158d      0x29c ./Drivers/STM32F1xx_HAL_Driver/Src/stm32f1xx_hal_gpio.o
                                      0x7c2a0 (size before relaxing)
 .debug_str     0x0000000000081829      0x229 ./Drivers/STM32F1xx_HAL_Driver/Src/stm32f1xx_hal_rcc.o
                                      0x7c349 (size before relaxing)
 .debug_str     0x0000000000081a52      0x543 ./Drivers/STM32F1xx_HAL_Driver/Src/stm32f1xx_hal_spi.o
                                      0x7c846 (size before relaxing)
 .debug_str     0x0000000000081f95       0x74 ./FATFS/App/fatfs.o
                                      0x7cad3 (size before relaxing)
 .debug_str     0x0000000000082009       0x5a ./FATFS/Target/user_diskio.o
                                      0x7f853 (size before relaxing)
 .debug_str     0x0000000000082063       0x52 ./Middlewares/Third_Party/FatFs/src/diskio.o
                                      0x7c9f9 (size before relaxing)
 .debug_str     0x00000000000820b5      0xcbb ./Middlewares/Third_Party/FatFs/src/ff.o
                                      0x7d8b7 (size before relaxing)
 .debug_str     0x0000000000082d70       0x91 ./Middlewares/Third_Party/FatFs/src/ff_gen_drv.o
                                      0x7ca4a (size before relaxing)
 .debug_str     0x0000000000082e01       0x53 ./Middlewares/Third_Party/FatFs/src/option/ccsbcs.o
                                      0x7c7d8 (size before relaxing)

.comment        0x0000000000000000       0x50
 .comment       0x0000000000000000       0x50 ./Core/Src/ILI9341_interface.o
                                         0x51 (size before relaxing)
 .comment       0x0000000000000050       0x51 ./Core/Src/fatfs_sd.o
 .comment       0x0000000000000050       0x51 ./Core/Src/main.o
 .comment       0x0000000000000050       0x51 ./Core/Src/stm32f1xx_hal_msp.o
 .comment       0x0000000000000050       0x51 ./Core/Src/stm32f1xx_it.o
 .comment       0x0000000000000050       0x51 ./Core/Src/system_stm32f1xx.o
 .comment       0x0000000000000050       0x51 ./Drivers/STM32F1xx_HAL_Driver/Src/stm32f1xx_hal.o
 .comment       0x0000000000000050       0x51 ./Drivers/STM32F1xx_HAL_Driver/Src/stm32f1xx_hal_cortex.o
 .comment       0x0000000000000050       0x51 ./Drivers/STM32F1xx_HAL_Driver/Src/stm32f1xx_hal_gpio.o
 .comment       0x0000000000000050       0x51 ./Drivers/STM32F1xx_HAL_Driver/Src/stm32f1xx_hal_rcc.o
 .comment       0x0000000000000050       0x51 ./Drivers/STM32F1xx_HAL_Driver/Src/stm32f1xx_hal_spi.o
 .comment       0x0000000000000050       0x51 ./FATFS/App/fatfs.o
 .comment       0x0000000000000050       0x51 ./FATFS/Target/user_diskio.o
 .comment       0x0000000000000050       0x51 ./Middlewares/Third_Party/FatFs/src/diskio.o
 .comment       0x0000000000000050       0x51 ./Middlewares/Third_Party/FatFs/src/ff.o
 .comment       0x0000000000000050       0x51 ./Middlewares/Third_Party/FatFs/src/ff_gen_drv.o
 .comment       0x0000000000000050       0x51 ./Middlewares/Third_Party/FatFs/src/option/ccsbcs.o

.debug_frame    0x0000000000000000     0x27c8
 .debug_frame   0x0000000000000000      0x114 ./Core/Src/ILI9341_interface.o
 .debug_frame   0x0000000000000114      0x28c ./Core/Src/fatfs_sd.o
 .debug_frame   0x00000000000003a0      0x124 ./Core/Src/main.o
 .debug_frame   0x00000000000004c4       0x80 ./Core/Src/stm32f1xx_hal_msp.o
 .debug_frame   0x0000000000000544      0x174 ./Core/Src/stm32f1xx_it.o
 .debug_frame   0x00000000000006b8       0x58 ./Core/Src/system_stm32f1xx.o
 .debug_frame   0x0000000000000710      0x334 ./Drivers/STM32F1xx_HAL_Driver/Src/stm32f1xx_hal.o
 .debug_frame   0x0000000000000a44      0x428 ./Drivers/STM32F1xx_HAL_Driver/Src/stm32f1xx_hal_cortex.o
 .debug_frame   0x0000000000000e6c      0x14c ./Drivers/STM32F1xx_HAL_Driver/Src/stm32f1xx_hal_gpio.o
 .debug_frame   0x0000000000000fb8      0x21c ./Drivers/STM32F1xx_HAL_Driver/Src/stm32f1xx_hal_rcc.o
 .debug_frame   0x00000000000011d4      0x824 ./Drivers/STM32F1xx_HAL_Driver/Src/stm32f1xx_hal_spi.o
 .debug_frame   0x00000000000019f8       0x4c ./FATFS/App/fatfs.o
 .debug_frame   0x0000000000001a44       0xc4 ./FATFS/Target/user_diskio.o
 .debug_frame   0x0000000000001b08       0xec ./Middlewares/Third_Party/FatFs/src/diskio.o
 .debug_frame   0x0000000000001bf4      0x9ac ./Middlewares/Third_Party/FatFs/src/ff.o
 .debug_frame   0x00000000000025a0       0xc8 ./Middlewares/Third_Party/FatFs/src/ff_gen_drv.o
 .debug_frame   0x0000000000002668       0x60 ./Middlewares/Third_Party/FatFs/src/option/ccsbcs.o
 .debug_frame   0x00000000000026c8       0x30 c:/st/stm32cubeide_1.12.0/stm32cubeide/plugins/com.st.stm32cube.ide.mcu.externaltools.gnu-tools-for-stm32.10.3-2021.10.win32_1.0.200.202301161003/tools/bin/../lib/gcc/arm-none-eabi/10.3.1/../../../../arm-none-eabi/lib/thumb/v7-m/nofp\libc_nano.a(lib_a-atoi.o)
 .debug_frame   0x00000000000026f8       0x20 c:/st/stm32cubeide_1.12.0/stm32cubeide/plugins/com.st.stm32cube.ide.mcu.externaltools.gnu-tools-for-stm32.10.3-2021.10.win32_1.0.200.202301161003/tools/bin/../lib/gcc/arm-none-eabi/10.3.1/../../../../arm-none-eabi/lib/thumb/v7-m/nofp\libc_nano.a(lib_a-errno.o)
 .debug_frame   0x0000000000002718       0x2c c:/st/stm32cubeide_1.12.0/stm32cubeide/plugins/com.st.stm32cube.ide.mcu.externaltools.gnu-tools-for-stm32.10.3-2021.10.win32_1.0.200.202301161003/tools/bin/../lib/gcc/arm-none-eabi/10.3.1/../../../../arm-none-eabi/lib/thumb/v7-m/nofp\libc_nano.a(lib_a-init.o)
 .debug_frame   0x0000000000002744       0x20 c:/st/stm32cubeide_1.12.0/stm32cubeide/plugins/com.st.stm32cube.ide.mcu.externaltools.gnu-tools-for-stm32.10.3-2021.10.win32_1.0.200.202301161003/tools/bin/../lib/gcc/arm-none-eabi/10.3.1/../../../../arm-none-eabi/lib/thumb/v7-m/nofp\libc_nano.a(lib_a-memset.o)
 .debug_frame   0x0000000000002764       0x64 c:/st/stm32cubeide_1.12.0/stm32cubeide/plugins/com.st.stm32cube.ide.mcu.externaltools.gnu-tools-for-stm32.10.3-2021.10.win32_1.0.200.202301161003/tools/bin/../lib/gcc/arm-none-eabi/10.3.1/../../../../arm-none-eabi/lib/thumb/v7-m/nofp\libc_nano.a(lib_a-strtol.o)
