Archive member included to satisfy reference by file (symbol)

c:/st/stm32cubeide_1.12.0/stm32cubeide/plugins/com.st.stm32cube.ide.mcu.externaltools.gnu-tools-for-stm32.10.3-2021.10.win32_1.0.200.202301161003/tools/bin/../lib/gcc/arm-none-eabi/10.3.1/../../../../arm-none-eabi/lib/thumb/v7-m/nofp\libc_nano.a(lib_a-errno.o)
                              ./Core/Src/syscalls.o (__errno)
c:/st/stm32cubeide_1.12.0/stm32cubeide/plugins/com.st.stm32cube.ide.mcu.externaltools.gnu-tools-for-stm32.10.3-2021.10.win32_1.0.200.202301161003/tools/bin/../lib/gcc/arm-none-eabi/10.3.1/../../../../arm-none-eabi/lib/thumb/v7-m/nofp\libc_nano.a(lib_a-exit.o)
                              c:/st/stm32cubeide_1.12.0/stm32cubeide/plugins/com.st.stm32cube.ide.mcu.externaltools.gnu-tools-for-stm32.10.3-2021.10.win32_1.0.200.202301161003/tools/bin/../lib/gcc/arm-none-eabi/10.3.1/../../../../arm-none-eabi/lib/thumb/v7-m/nofp/crt0.o (exit)
c:/st/stm32cubeide_1.12.0/stm32cubeide/plugins/com.st.stm32cube.ide.mcu.externaltools.gnu-tools-for-stm32.10.3-2021.10.win32_1.0.200.202301161003/tools/bin/../lib/gcc/arm-none-eabi/10.3.1/../../../../arm-none-eabi/lib/thumb/v7-m/nofp\libc_nano.a(lib_a-impure.o)
                              c:/st/stm32cubeide_1.12.0/stm32cubeide/plugins/com.st.stm32cube.ide.mcu.externaltools.gnu-tools-for-stm32.10.3-2021.10.win32_1.0.200.202301161003/tools/bin/../lib/gcc/arm-none-eabi/10.3.1/../../../../arm-none-eabi/lib/thumb/v7-m/nofp\libc_nano.a(lib_a-exit.o) (_global_impure_ptr)
c:/st/stm32cubeide_1.12.0/stm32cubeide/plugins/com.st.stm32cube.ide.mcu.externaltools.gnu-tools-for-stm32.10.3-2021.10.win32_1.0.200.202301161003/tools/bin/../lib/gcc/arm-none-eabi/10.3.1/../../../../arm-none-eabi/lib/thumb/v7-m/nofp\libc_nano.a(lib_a-init.o)
                              c:/st/stm32cubeide_1.12.0/stm32cubeide/plugins/com.st.stm32cube.ide.mcu.externaltools.gnu-tools-for-stm32.10.3-2021.10.win32_1.0.200.202301161003/tools/bin/../lib/gcc/arm-none-eabi/10.3.1/../../../../arm-none-eabi/lib/thumb/v7-m/nofp/crt0.o (__libc_init_array)
c:/st/stm32cubeide_1.12.0/stm32cubeide/plugins/com.st.stm32cube.ide.mcu.externaltools.gnu-tools-for-stm32.10.3-2021.10.win32_1.0.200.202301161003/tools/bin/../lib/gcc/arm-none-eabi/10.3.1/../../../../arm-none-eabi/lib/thumb/v7-m/nofp\libc_nano.a(lib_a-memset.o)
                              c:/st/stm32cubeide_1.12.0/stm32cubeide/plugins/com.st.stm32cube.ide.mcu.externaltools.gnu-tools-for-stm32.10.3-2021.10.win32_1.0.200.202301161003/tools/bin/../lib/gcc/arm-none-eabi/10.3.1/../../../../arm-none-eabi/lib/thumb/v7-m/nofp/crt0.o (memset)

Discarded input sections

 .text          0x0000000000000000        0x0 c:/st/stm32cubeide_1.12.0/stm32cubeide/plugins/com.st.stm32cube.ide.mcu.externaltools.gnu-tools-for-stm32.10.3-2021.10.win32_1.0.200.202301161003/tools/bin/../lib/gcc/arm-none-eabi/10.3.1/thumb/v7-m/nofp/crti.o
 .data          0x0000000000000000        0x0 c:/st/stm32cubeide_1.12.0/stm32cubeide/plugins/com.st.stm32cube.ide.mcu.externaltools.gnu-tools-for-stm32.10.3-2021.10.win32_1.0.200.202301161003/tools/bin/../lib/gcc/arm-none-eabi/10.3.1/thumb/v7-m/nofp/crti.o
 .bss           0x0000000000000000        0x0 c:/st/stm32cubeide_1.12.0/stm32cubeide/plugins/com.st.stm32cube.ide.mcu.externaltools.gnu-tools-for-stm32.10.3-2021.10.win32_1.0.200.202301161003/tools/bin/../lib/gcc/arm-none-eabi/10.3.1/thumb/v7-m/nofp/crti.o
 .data          0x0000000000000000        0x4 c:/st/stm32cubeide_1.12.0/stm32cubeide/plugins/com.st.stm32cube.ide.mcu.externaltools.gnu-tools-for-stm32.10.3-2021.10.win32_1.0.200.202301161003/tools/bin/../lib/gcc/arm-none-eabi/10.3.1/thumb/v7-m/nofp/crtbegin.o
 .rodata        0x0000000000000000       0x24 c:/st/stm32cubeide_1.12.0/stm32cubeide/plugins/com.st.stm32cube.ide.mcu.externaltools.gnu-tools-for-stm32.10.3-2021.10.win32_1.0.200.202301161003/tools/bin/../lib/gcc/arm-none-eabi/10.3.1/thumb/v7-m/nofp/crtbegin.o
 .text          0x0000000000000000       0x7c c:/st/stm32cubeide_1.12.0/stm32cubeide/plugins/com.st.stm32cube.ide.mcu.externaltools.gnu-tools-for-stm32.10.3-2021.10.win32_1.0.200.202301161003/tools/bin/../lib/gcc/arm-none-eabi/10.3.1/../../../../arm-none-eabi/lib/thumb/v7-m/nofp/crt0.o
 .data          0x0000000000000000        0x0 c:/st/stm32cubeide_1.12.0/stm32cubeide/plugins/com.st.stm32cube.ide.mcu.externaltools.gnu-tools-for-stm32.10.3-2021.10.win32_1.0.200.202301161003/tools/bin/../lib/gcc/arm-none-eabi/10.3.1/../../../../arm-none-eabi/lib/thumb/v7-m/nofp/crt0.o
 .bss           0x0000000000000000        0x0 c:/st/stm32cubeide_1.12.0/stm32cubeide/plugins/com.st.stm32cube.ide.mcu.externaltools.gnu-tools-for-stm32.10.3-2021.10.win32_1.0.200.202301161003/tools/bin/../lib/gcc/arm-none-eabi/10.3.1/../../../../arm-none-eabi/lib/thumb/v7-m/nofp/crt0.o
[...]
Memory Configuration

Name             Origin             Length             Attributes
RAM              0x0000000020000000 0x0000000000005000 xrw
FLASH            0x0000000008000000 0x0000000000020000 xr
*default*        0x0000000000000000 0xffffffffffffffff

Linker script and memory map

LOAD c:/st/stm32cubeide_1.12.0/stm32cubeide/plugins/com.st.stm32cube.ide.mcu.externaltools.gnu-tools-for-stm32.10.3-2021.10.win32_1.0.200.202301161003/tools/bin/../lib/gcc/arm-none-eabi/10.3.1/thumb/v7-m/nofp/crti.o
LOAD c:/st/stm32cubeide_1.12.0/stm32cubeide/plugins/com.st.stm32cube.ide.mcu.externaltools.gnu-tools-for-stm32.10.3-2021.10.win32_1.0.200.202301161003/tools/bin/../lib/gcc/arm-none-eabi/10.3.1/thumb/v7-m/nofp/crtbegin.o
LOAD c:/st/stm32cubeide_1.12.0/stm32cubeide/plugins/com.st.stm32cube.ide.mcu.externaltools.gnu-tools-for-stm32.10.3-2021.10.win32_1.0.200.202301161003/tools/bin/../lib/gcc/arm-none-eabi/10.3.1/../../../../arm-none-eabi/lib/thumb/v7-m/nofp/crt0.o
LOAD ./Core/Src/ILI9341_interface.o
LOAD ./Core/Src/fatfs_sd.o
LOAD ./Core/Src/main.o
LOAD ./Core/Src/stm32f1xx_hal_msp.o
LOAD ./Core/Src/stm32f1xx_it.o
LOAD ./Core/Src/syscalls.o
LOAD ./Core/Src/sysmem.o
LOAD ./Core/Src/system_stm32f1xx.o
LOAD ./Core/Startup/startup_stm32f103tbux.o
LOAD ./Drivers/STM32F1xx_HAL_Driver/Src/stm32f1xx_hal.o
LOAD ./Drivers/STM32F1xx_HAL_Driver/Src/stm32f1xx_hal_cortex.o
LOAD ./Drivers/STM32F1xx_HAL_Driver/Src/stm32f1xx_hal_dma.o
LOAD ./Drivers/STM32F1xx_HAL_Driver/Src/stm32f1xx_hal_exti.o
LOAD ./Drivers/STM32F1xx_HAL_Driver/Src/stm32f1xx_hal_flash.o
LOAD ./Drivers/STM32F1xx_HAL_Driver/Src/stm32f1xx_hal_flash_ex.o
LOAD ./Drivers/STM32F1xx_HAL_Driver/Src/stm32f1xx_hal_gpio.o
LOAD ./Drivers/STM32F1xx_HAL_Driver/Src/stm32f1xx_hal_gpio_ex.o
LOAD ./Drivers/STM32F1xx_HAL_Driver/Src/stm32f1xx_hal_pwr.o
LOAD ./Drivers/STM32F1xx_HAL_Driver/Src/stm32f1xx_hal_rcc.o
LOAD ./Drivers/STM32F1xx_HAL_Driver/Src/stm32f1xx_hal_rcc_ex.o
LOAD ./Drivers/STM32F1xx_HAL_Driver/Src/stm32f1xx_hal_spi.o
LOAD ./Drivers/STM32F1xx_HAL_Driver/Src/stm32f1xx_hal_tim.o
LOAD ./Drivers/STM32F1xx_HAL_Driver/Src/stm32f1xx_hal_tim_ex.o
LOAD ./FATFS/App/fatfs.o
LOAD ./FATFS/Target/user_diskio.o
LOAD ./Middlewares/Third_Party/FatFs/src/diskio.o
LOAD ./Middlewares/Third_Party/FatFs/src/ff.o
LOAD ./Middlewares/Third_Party/FatFs/src/ff_gen_drv.o
LOAD ./Middlewares/Third_Party/FatFs/src/option/ccsbcs.o
LOAD ./Middlewares/Third_Party/FatFs/src/option/syscall.o
START GROUP
LOAD c:/st/stm32cubeide_1.12.0/stm32cubeide/plugins/com.st.stm32cube.ide.mcu.externaltools.gnu-tools-for-stm32.10.3-2021.10.win32_1.0.200.202301161003/tools/bin/../lib/gcc/arm-none-eabi/10.3.1/../../../../arm-none-eabi/lib/thumb/v7-m/nofp\libc_nano.a
LOAD c:/st/stm32cubeide_1.12.0/stm32cubeide/plugins/com.st.stm32cube.ide.mcu.externaltools.gnu-tools-for-stm32.10.3-2021.10.win32_1.0.200.202301161003/tools/bin/../lib/gcc/arm-none-eabi/10.3.1/../../../../arm-none-eabi/lib/thumb/v7-m/nofp\libm.a
END GROUP
START GROUP
LOAD c:/st/stm32cubeide_1.12.0/stm32cubeide/plugins/com.st.stm32cube.ide.mcu.externaltools.gnu-tools-for-stm32.10.3-2021.10.win32_1.0.200.202301161003/tools/bin/../lib/gcc/arm-none-eabi/10.3.1/thumb/v7-m/nofp\libgcc.a
LOAD c:/st/stm32cubeide_1.12.0/stm32cubeide/plugins/com.st.stm32cube.ide.mcu.externaltools.gnu-tools-for-stm32.10.3-2021.10.win32_1.0.200.202301161003/tools/bin/../lib/gcc/arm-none-eabi/10.3.1/../../../../arm-none-eabi/lib/thumb/v7-m/nofp\libc_nano.a
END GROUP
START GROUP
LOAD c:/st/stm32cubeide_1.12.0/stm32cubeide/plugins/com.st.stm32cube.ide.mcu.externaltools.gnu-tools-for-stm32.10.3-2021.10.win32_1.0.200.202301161003/tools/bin/../lib/gcc/arm-none-eabi/10.3.1/thumb/v7-m/nofp\libgcc.a
LOAD c:/st/stm32cubeide_1.12.0/stm32cubeide/plugins/com.st.stm32cube.ide.mcu.externaltools.gnu-tools-for-stm32.10.3-2021.10.win32_1.0.200.202301161003/tools/bin/../lib/gcc/arm-none-eabi/10.3.1/../../../../arm-none-eabi/lib/thumb/v7-m/nofp\libc_nano.a
LOAD c:/st/stm32cubeide_1.12.0/stm32cubeide/plugins/com.st.stm32cube.ide.mcu.externaltools.gnu-tools-for-stm32.10.3-2021.10.win32_1.0.200.202301161003/tools/bin/../lib/gcc/arm-none-eabi/10.3.1/../../../../arm-none-eabi/lib/thumb/v7-m/nofp\libnosys.a
END GROUP
START GROUP
LOAD c:/st/stm32cubeide_1.12.0/stm32cubeide/plugins/com.st.stm32cube.ide.mcu.externaltools.gnu-tools-for-stm32.10.3-2021.10.win32_1.0.200.202301161003/tools/bin/../lib/gcc/arm-none-eabi/10.3.1/thumb/v7-m/nofp\libgcc.a
LOAD c:/st/stm32cubeide_1.12.0/stm32cubeide/plugins/com.st.stm32cube.ide.mcu.externaltools.gnu-tools-for-stm32.10.3-2021.10.win32_1.0.200.202301161003/tools/bin/../lib/gcc/arm-none-eabi/10.3.1/../../../../arm-none-eabi/lib/thumb/v7-m/nofp\libc_nano.a
LOAD c:/st/stm32cubeide_1.12.0/stm32cubeide/plugins/com.st.stm32cube.ide.mcu.externaltools.gnu-tools-for-stm32.10.3-2021.10.win32_1.0.200.202301161003/tools/bin/../lib/gcc/arm-none-eabi/10.3.1/../../../../arm-none-eabi/lib/thumb/v7-m/nofp\libnosys.a
END GROUP
LOAD c:/st/stm32cubeide_1.12.0/stm32cubeide/plugins/com.st.stm32cube.ide.mcu.externaltools.gnu-tools-for-stm32.10.3-2021.10.win32_1.0.200.202301161003/tools/bin/../lib/gcc/arm-none-eabi/10.3.1/thumb/v7-m/nofp/crtend.o
LOAD c:/st/stm32cubeide_1.12.0/stm32cubeide/plugins/com.st.stm32cube.ide.mcu.externaltools.gnu-tools-for-stm32.10.3-2021.10.win32_1.0.200.202301161003/tools/bin/../lib/gcc/arm-none-eabi/10.3.1/thumb/v7-m/nofp/crtn.o
                0x0000000020005000                _estack = (ORIGIN (RAM) + LENGTH (RAM))
                0x0000000000000200                _Min_Heap_Size = 0x200
                0x0000000000000400                _Min_Stack_Size = 0x400

.isr_vector     0x0000000008000000      0x10c
                0x0000000008000000                . = ALIGN (0x4)
 *(.isr_vector)
 .isr_vector    0x0000000008000000      0x10c ./Core/Startup/startup_stm32f103tbux.o
                0x0000000008000000                g_pfnVectors
                0x000000000800010c                . = ALIGN (0x4)

.text           0x000000000800010c     0x2ca4
                0x000000000800010c                . = ALIGN (0x4)
 *(.text)
 .text          0x000000000800010c       0x40 c:/st/stm32cubeide_1.12.0/stm32cubeide/plugins/com.st.stm32cube.ide.mcu.externaltools.gnu-tools-for-stm32.10.3-2021.10.win32_1.0.200.202301161003/tools/bin/../lib/gcc/arm-none-eabi/10.3.1/thumb/v7-m/nofp/crtbegin.o
 *(.text*)
 .text.init_ILI9341
                0x000000000800014c       0x40 ./Core/Src/ILI9341_interface.o
                0x000000000800014c                init_ILI9341
 .text.columnAddressSet
                0x000000000800018c       0xd8 ./Core/Src/ILI9341_interface.o
                0x000000000800018c                columnAddressSet
 .text.pageAddressSet
                0x0000000008000264       0xd8 ./Core/Src/ILI9341_interface.o
                0x0000000008000264                pageAddressSet
 .text.writeMemoryContinue
                0x000000000800033c       0x9c ./Core/Src/ILI9341_interface.o
                0x000000000800033c                writeMemoryContinue
 .text.displayInversionON
                0x00000000080003d8       0x40 ./Core/Src/ILI9341_interface.o
                0x00000000080003d8                displayInversionON
 .text.displayInversionOFF
                0x0000000008000418       0x40 ./Core/Src/ILI9341_interface.o
                0x0000000008000418                displayInversionOFF
 .text.ClearScreen
                0x0000000008000458       0x68 ./Core/Src/ILI9341_interface.o
                0x0000000008000458                ClearScreen
 .text.SELECT   0x00000000080004c0       0x1c ./Core/Src/fatfs_sd.o
 .text.DESELECT
                0x00000000080004dc       0x1c ./Core/Src/fatfs_sd.o
 .text.SPI_TxByte
                0x00000000080004f8       0x34 ./Core/Src/fatfs_sd.o
 .text.SPI_TxBuffer
                0x000000000800052c       0x34 ./Core/Src/fatfs_sd.o
 .text.SPI_RxByte
                0x0000000008000560       0x38 ./Core/Src/fatfs_sd.o
 .text.SPI_RxBytePtr
                0x0000000008000598       0x1c ./Core/Src/fatfs_sd.o
 .text.SD_ReadyWait
                0x00000000080005b4       0x34 ./Core/Src/fatfs_sd.o
 .text.SD_PowerOn
                0x00000000080005e8       0x84 ./Core/Src/fatfs_sd.o
 .text.SD_PowerOff
                0x000000000800066c       0x18 ./Core/Src/fatfs_sd.o
 .text.SD_CheckPower
                0x0000000008000684       0x14 ./Core/Src/fatfs_sd.o
 .text.SD_RxDataBlock
                0x0000000008000698       0x5c ./Core/Src/fatfs_sd.o
 .text.SD_TxDataBlock
                0x00000000080006f4       0x86 ./Core/Src/fatfs_sd.o
 .text.SD_SendCmd
                0x000000000800077a       0xa8 ./Core/Src/fatfs_sd.o
 *fill*         0x0000000008000822        0x2 
 .text.SD_disk_initialize
                0x0000000008000824      0x1cc ./Core/Src/fatfs_sd.o
                0x0000000008000824                SD_disk_initialize
 .text.SD_disk_status
                0x00000000080009f0       0x28 ./Core/Src/fatfs_sd.o
                0x00000000080009f0                SD_disk_status
 .text.SD_disk_read
                0x0000000008000a18       0xd4 ./Core/Src/fatfs_sd.o
                0x0000000008000a18                SD_disk_read
 .text.SD_disk_write
                0x0000000008000aec      0x108 ./Core/Src/fatfs_sd.o
                0x0000000008000aec                SD_disk_write
 .text.SD_disk_ioctl
                0x0000000008000bf4      0x258 ./Core/Src/fatfs_sd.o
                0x0000000008000bf4                SD_disk_ioctl
 .text.main     0x0000000008000e4c       0x1e ./Core/Src/main.o
                0x0000000008000e4c                main
 .text.SystemClock_Config
                0x0000000008000e6a       0x76 ./Core/Src/main.o
                0x0000000008000e6a                SystemClock_Config
 .text.MX_SPI1_Init
                0x0000000008000ee0       0x6c ./Core/Src/main.o
 .text.MX_GPIO_Init
                0x0000000008000f4c      0x11c ./Core/Src/main.o
 .text.HAL_GPIO_EXTI_Callback
                0x0000000008001068      0x284 ./Core/Src/main.o
                0x0000000008001068                HAL_GPIO_EXTI_Callback
 .text.Error_Handler
                0x00000000080012ec        0xa ./Core/Src/main.o
                0x00000000080012ec                Error_Handler
 *fill*         0x00000000080012f6        0x2 
 .text.HAL_MspInit
                0x00000000080012f8       0x64 ./Core/Src/stm32f1xx_hal_msp.o
                0x00000000080012f8                HAL_MspInit
 .text.HAL_SPI_MspInit
                0x000000000800135c       0x94 ./Core/Src/stm32f1xx_hal_msp.o
                0x000000000800135c                HAL_SPI_MspInit
 .text.NMI_Handler
                0x00000000080013f0        0x6 ./Core/Src/stm32f1xx_it.o
                0x00000000080013f0                NMI_Handler
 .text.HardFault_Handler
                0x00000000080013f6        0x6 ./Core/Src/stm32f1xx_it.o
                0x00000000080013f6                HardFault_Handler
 .text.MemManage_Handler
                0x00000000080013fc        0x6 ./Core/Src/stm32f1xx_it.o
                0x00000000080013fc                MemManage_Handler
 .text.BusFault_Handler
                0x0000000008001402        0x6 ./Core/Src/stm32f1xx_it.o
                0x0000000008001402                BusFault_Handler
 .text.UsageFault_Handler
                0x0000000008001408        0x6 ./Core/Src/stm32f1xx_it.o
                0x0000000008001408                UsageFault_Handler
 .text.SVC_Handler
                0x000000000800140e        0xc ./Core/Src/stm32f1xx_it.o
                0x000000000800140e                SVC_Handler
 .text.DebugMon_Handler
                0x000000000800141a        0xc ./Core/Src/stm32f1xx_it.o
                0x000000000800141a                DebugMon_Handler
 .text.PendSV_Handler
                0x0000000008001426        0xc ./Core/Src/stm32f1xx_it.o
                0x0000000008001426                PendSV_Handler
 *fill*         0x0000000008001432        0x2 
 .text.SysTick_Handler
                0x0000000008001434       0x3c ./Core/Src/stm32f1xx_it.o
                0x0000000008001434                SysTick_Handler
 .text.EXTI0_IRQHandler
                0x0000000008001470        0xe ./Core/Src/stm32f1xx_it.o
                0x0000000008001470                EXTI0_IRQHandler
 .text.EXTI1_IRQHandler
                0x000000000800147e        0xe ./Core/Src/stm32f1xx_it.o
                0x000000000800147e                EXTI1_IRQHandler
 .text.EXTI9_5_IRQHandler
                0x000000000800148c       0x18 ./Core/Src/stm32f1xx_it.o
                0x000000000800148c                EXTI9_5_IRQHandler
 .text.EXTI15_10_IRQHandler
                0x00000000080014a4       0x18 ./Core/Src/stm32f1xx_it.o
                0x00000000080014a4                EXTI15_10_IRQHandler
 .text.SystemInit
                0x00000000080014bc        0xc ./Core/Src/system_stm32f1xx.o
                0x00000000080014bc                SystemInit
 .text.Reset_Handler
                0x00000000080014c8       0x48 ./Core/Startup/startup_stm32f103tbux.o
                0x00000000080014c8                Reset_Handler
 .text.Default_Handler
                0x0000000008001510        0x2 ./Core/Startup/startup_stm32f103tbux.o
                0x0000000008001510                RTC_Alarm_IRQHandler
                0x0000000008001510                EXTI2_IRQHandler
                0x0000000008001510                TIM1_CC_IRQHandler
                0x0000000008001510                PVD_IRQHandler
                0x0000000008001510                EXTI3_IRQHandler
                0x0000000008001510                I2C2_EV_IRQHandler
                0x0000000008001510                ADC1_2_IRQHandler
                0x0000000008001510                SPI1_IRQHandler
                0x0000000008001510                TAMPER_IRQHandler
                0x0000000008001510                DMA1_Channel4_IRQHandler
                0x0000000008001510                USART3_IRQHandler
                0x0000000008001510                RTC_IRQHandler
                0x0000000008001510                DMA1_Channel7_IRQHandler
                0x0000000008001510                CAN1_RX1_IRQHandler
                0x0000000008001510                TIM4_IRQHandler
                0x0000000008001510                I2C1_EV_IRQHandler
                0x0000000008001510                DMA1_Channel6_IRQHandler
                0x0000000008001510                TIM3_IRQHandler
                0x0000000008001510                RCC_IRQHandler
                0x0000000008001510                TIM1_TRG_COM_IRQHandler
                0x0000000008001510                DMA1_Channel1_IRQHandler
                0x0000000008001510                Default_Handler
                0x0000000008001510                SPI2_IRQHandler
                0x0000000008001510                DMA1_Channel5_IRQHandler
                0x0000000008001510                EXTI4_IRQHandler
                0x0000000008001510                USB_LP_CAN1_RX0_IRQHandler
                0x0000000008001510                USB_HP_CAN1_TX_IRQHandler
                0x0000000008001510                DMA1_Channel3_IRQHandler
                0x0000000008001510                TIM1_UP_IRQHandler
                0x0000000008001510                WWDG_IRQHandler
                0x0000000008001510                TIM2_IRQHandler
                0x0000000008001510                TIM1_BRK_IRQHandler
                0x0000000008001510                USART2_IRQHandler
                0x0000000008001510                I2C2_ER_IRQHandler
                0x0000000008001510                DMA1_Channel2_IRQHandler
                0x0000000008001510                CAN1_SCE_IRQHandler
                0x0000000008001510                FLASH_IRQHandler
                0x0000000008001510                USART1_IRQHandler
                0x0000000008001510                I2C1_ER_IRQHandler
                0x0000000008001510                USBWakeUp_IRQHandler
 *fill*         0x0000000008001512        0x2 
 .text.HAL_Init
                0x0000000008001514       0x2c ./Drivers/STM32F1xx_HAL_Driver/Src/stm32f1xx_hal.o
                0x0000000008001514                HAL_Init
 .text.HAL_InitTick
                0x0000000008001540       0x60 ./Drivers/STM32F1xx_HAL_Driver/Src/stm32f1xx_hal.o
                0x0000000008001540                HAL_InitTick
 .text.HAL_IncTick
                0x00000000080015a0       0x24 ./Drivers/STM32F1xx_HAL_Driver/Src/stm32f1xx_hal.o
                0x00000000080015a0                HAL_IncTick
 .text.HAL_GetTick
                0x00000000080015c4       0x14 ./Drivers/STM32F1xx_HAL_Driver/Src/stm32f1xx_hal.o
                0x00000000080015c4                HAL_GetTick
 .text.HAL_Delay
                0x00000000080015d8       0x48 ./Drivers/STM32F1xx_HAL_Driver/Src/stm32f1xx_hal.o
                0x00000000080015d8                HAL_Delay
 .text.__NVIC_SetPriorityGrouping
                0x0000000008001620       0x48 ./Drivers/STM32F1xx_HAL_Driver/Src/stm32f1xx_hal_cortex.o
 .text.__NVIC_GetPriorityGrouping
                0x0000000008001668       0x1c ./Drivers/STM32F1xx_HAL_Driver/Src/stm32f1xx_hal_cortex.o
 .text.__NVIC_EnableIRQ
                0x0000000008001684       0x38 ./Drivers/STM32F1xx_HAL_Driver/Src/stm32f1xx_hal_cortex.o
 .text.__NVIC_SetPriority
                0x00000000080016bc       0x54 ./Drivers/STM32F1xx_HAL_Driver/Src/stm32f1xx_hal_cortex.o
 .text.NVIC_EncodePriority
                0x0000000008001710       0x64 ./Drivers/STM32F1xx_HAL_Driver/Src/stm32f1xx_hal_cortex.o
 .text.SysTick_Config
                0x0000000008001774       0x44 ./Drivers/STM32F1xx_HAL_Driver/Src/stm32f1xx_hal_cortex.o
 .text.HAL_NVIC_SetPriorityGrouping
                0x00000000080017b8       0x16 ./Drivers/STM32F1xx_HAL_Driver/Src/stm32f1xx_hal_cortex.o
                0x00000000080017b8                HAL_NVIC_SetPriorityGrouping
 .text.HAL_NVIC_SetPriority
                0x00000000080017ce       0x38 ./Drivers/STM32F1xx_HAL_Driver/Src/stm32f1xx_hal_cortex.o
                0x00000000080017ce                HAL_NVIC_SetPriority
 .text.HAL_NVIC_EnableIRQ
                0x0000000008001806       0x1c ./Drivers/STM32F1xx_HAL_Driver/Src/stm32f1xx_hal_cortex.o
                0x0000000008001806                HAL_NVIC_EnableIRQ
 .text.HAL_SYSTICK_Config
                0x0000000008001822       0x18 ./Drivers/STM32F1xx_HAL_Driver/Src/stm32f1xx_hal_cortex.o
                0x0000000008001822                HAL_SYSTICK_Config
 *fill*         0x000000000800183a        0x2 
 .text.HAL_GPIO_Init
                0x000000000800183c      0x308 ./Drivers/STM32F1xx_HAL_Driver/Src/stm32f1xx_hal_gpio.o
                0x000000000800183c                HAL_GPIO_Init
 .text.HAL_GPIO_ReadPin
                0x0000000008001b44       0x2e ./Drivers/STM32F1xx_HAL_Driver/Src/stm32f1xx_hal_gpio.o
                0x0000000008001b44                HAL_GPIO_ReadPin
 .text.HAL_GPIO_WritePin
                0x0000000008001b72       0x30 ./Drivers/STM32F1xx_HAL_Driver/Src/stm32f1xx_hal_gpio.o
                0x0000000008001b72                HAL_GPIO_WritePin
 *fill*         0x0000000008001ba2        0x2 
 .text.HAL_GPIO_EXTI_IRQHandler
                0x0000000008001ba4       0x30 ./Drivers/STM32F1xx_HAL_Driver/Src/stm32f1xx_hal_gpio.o
                0x0000000008001ba4                HAL_GPIO_EXTI_IRQHandler
 .text.HAL_RCC_OscConfig
                0x0000000008001bd4      0x504 ./Drivers/STM32F1xx_HAL_Driver/Src/stm32f1xx_hal_rcc.o
                0x0000000008001bd4                HAL_RCC_OscConfig
 .text.HAL_RCC_ClockConfig
                0x00000000080020d8      0x1d4 ./Drivers/STM32F1xx_HAL_Driver/Src/stm32f1xx_hal_rcc.o
                0x00000000080020d8                HAL_RCC_ClockConfig
 .text.HAL_RCC_GetSysClockFreq
                0x00000000080022ac       0xbc ./Drivers/STM32F1xx_HAL_Driver/Src/stm32f1xx_hal_rcc.o
                0x00000000080022ac                HAL_RCC_GetSysClockFreq
 .text.RCC_Delay
                0x0000000008002368       0x3c ./Drivers/STM32F1xx_HAL_Driver/Src/stm32f1xx_hal_rcc.o
 .text.HAL_SPI_Init
                0x00000000080023a4      0x108 ./Drivers/STM32F1xx_HAL_Driver/Src/stm32f1xx_hal_spi.o
                0x00000000080023a4                HAL_SPI_Init
 .text.HAL_SPI_Transmit
                0x00000000080024ac      0x278 ./Drivers/STM32F1xx_HAL_Driver/Src/stm32f1xx_hal_spi.o
                0x00000000080024ac                HAL_SPI_Transmit
 .text.HAL_SPI_TransmitReceive
                0x0000000008002724      0x344 ./Drivers/STM32F1xx_HAL_Driver/Src/stm32f1xx_hal_spi.o
                0x0000000008002724                HAL_SPI_TransmitReceive
 .text.SPI_WaitFlagStateUntilTimeout
                0x0000000008002a68      0x110 ./Drivers/STM32F1xx_HAL_Driver/Src/stm32f1xx_hal_spi.o
 .text.SPI_EndRxTxTransaction
                0x0000000008002b78       0x3c ./Drivers/STM32F1xx_HAL_Driver/Src/stm32f1xx_hal_spi.o
 .text.MX_FATFS_Init
                0x0000000008002bb4       0x24 ./FATFS/App/fatfs.o
                0x0000000008002bb4                MX_FATFS_Init
 .text.USER_initialize
                0x0000000008002bd8       0x1e ./FATFS/Target/user_diskio.o
                0x0000000008002bd8                USER_initialize
 .text.USER_status
                0x0000000008002bf6       0x1e ./FATFS/Target/user_diskio.o
                0x0000000008002bf6                USER_status
 .text.USER_read
                0x0000000008002c14       0x28 ./FATFS/Target/user_diskio.o
                0x0000000008002c14                USER_read
 .text.USER_write
                0x0000000008002c3c       0x28 ./FATFS/Target/user_diskio.o
                0x0000000008002c3c                USER_write
 .text.USER_ioctl
                0x0000000008002c64       0x28 ./FATFS/Target/user_diskio.o
                0x0000000008002c64                USER_ioctl
 .text.FATFS_LinkDriverEx
                0x0000000008002c8c       0x94 ./Middlewares/Third_Party/FatFs/src/ff_gen_drv.o
                0x0000000008002c8c                FATFS_LinkDriverEx
 .text.FATFS_LinkDriver
                0x0000000008002d20       0x1e ./Middlewares/Third_Party/FatFs/src/ff_gen_drv.o
                0x0000000008002d20                FATFS_LinkDriver
 *fill*         0x0000000008002d3e        0x2 
 .text.__libc_init_array
                0x0000000008002d40       0x48 c:/st/stm32cubeide_1.12.0/stm32cubeide/plugins/com.st.stm32cube.ide.mcu.externaltools.gnu-tools-for-stm32.10.3-2021.10.win32_1.0.200.202301161003/tools/bin/../lib/gcc/arm-none-eabi/10.3.1/../../../../arm-none-eabi/lib/thumb/v7-m/nofp\libc_nano.a(lib_a-init.o)
                0x0000000008002d40                __libc_init_array
 .text.memset   0x0000000008002d88       0x10 c:/st/stm32cubeide_1.12.0/stm32cubeide/plugins/com.st.stm32cube.ide.mcu.externaltools.gnu-tools-for-stm32.10.3-2021.10.win32_1.0.200.202301161003/tools/bin/../lib/gcc/arm-none-eabi/10.3.1/../../../../arm-none-eabi/lib/thumb/v7-m/nofp\libc_nano.a(lib_a-memset.o)
                0x0000000008002d88                memset
 *(.glue_7)
 .glue_7        0x0000000008002d98        0x0 linker stubs
 *(.glue_7t)
 .glue_7t       0x0000000008002d98        0x0 linker stubs
 *(.eh_frame)
 .eh_frame      0x0000000008002d98        0x0 c:/st/stm32cubeide_1.12.0/stm32cubeide/plugins/com.st.stm32cube.ide.mcu.externaltools.gnu-tools-for-stm32.10.3-2021.10.win32_1.0.200.202301161003/tools/bin/../lib/gcc/arm-none-eabi/10.3.1/thumb/v7-m/nofp/crtbegin.o
 *(.init)
 .init          0x0000000008002d98        0x4 c:/st/stm32cubeide_1.12.0/stm32cubeide/plugins/com.st.stm32cube.ide.mcu.externaltools.gnu-tools-for-stm32.10.3-2021.10.win32_1.0.200.202301161003/tools/bin/../lib/gcc/arm-none-eabi/10.3.1/thumb/v7-m/nofp/crti.o
                0x0000000008002d98                _init
 .init          0x0000000008002d9c        0x8 c:/st/stm32cubeide_1.12.0/stm32cubeide/plugins/com.st.stm32cube.ide.mcu.externaltools.gnu-tools-for-stm32.10.3-2021.10.win32_1.0.200.202301161003/tools/bin/../lib/gcc/arm-none-eabi/10.3.1/thumb/v7-m/nofp/crtn.o
 *(.fini)
 .fini          0x0000000008002da4        0x4 c:/st/stm32cubeide_1.12.0/stm32cubeide/plugins/com.st.stm32cube.ide.mcu.externaltools.gnu-tools-for-stm32.10.3-2021.10.win32_1.0.200.202301161003/tools/bin/../lib/gcc/arm-none-eabi/10.3.1/thumb/v7-m/nofp/crti.o
                0x0000000008002da4                _fini
 .fini          0x0000000008002da8        0x8 c:/st/stm32cubeide_1.12.0/stm32cubeide/plugins/com.st.stm32cube.ide.mcu.externaltools.gnu-tools-for-stm32.10.3-2021.10.win32_1.0.200.202301161003/tools/bin/../lib/gcc/arm-none-eabi/10.3.1/thumb/v7-m/nofp/crtn.o
                0x0000000008002db0                . = ALIGN (0x4)
                0x0000000008002db0                _etext = .

.vfp11_veneer   0x0000000008002db0        0x0
 .vfp11_veneer  0x0000000008002db0        0x0 linker stubs

.v4_bx          0x0000000008002db0        0x0
 .v4_bx         0x0000000008002db0        0x0 linker stubs

.iplt           0x0000000008002db0        0x0
 .iplt          0x0000000008002db0        0x0 c:/st/stm32cubeide_1.12.0/stm32cubeide/plugins/com.st.stm32cube.ide.mcu.externaltools.gnu-tools-for-stm32.10.3-2021.10.win32_1.0.200.202301161003/tools/bin/../lib/gcc/arm-none-eabi/10.3.1/thumb/v7-m/nofp/crtbegin.o

.rodata         0x0000000008002db0       0x20
                0x0000000008002db0                . = ALIGN (0x4)
 *(.rodata)
 .rodata        0x0000000008002db0       0x10 ./Drivers/STM32F1xx_HAL_Driver/Src/stm32f1xx_hal_rcc.o
 *(.rodata*)
 .rodata.AHBPrescTable
                0x0000000008002dc0       0x10 ./Core/Src/system_stm32f1xx.o
                0x0000000008002dc0                AHBPrescTable
                0x0000000008002dd0                . = ALIGN (0x4)

.rel.dyn        0x0000000008002dd0        0x0
 .rel.iplt      0x0000000008002dd0        0x0 c:/st/stm32cubeide_1.12.0/stm32cubeide/plugins/com.st.stm32cube.ide.mcu.externaltools.gnu-tools-for-stm32.10.3-2021.10.win32_1.0.200.202301161003/tools/bin/../lib/gcc/arm-none-eabi/10.3.1/thumb/v7-m/nofp/crtbegin.o

.ARM.extab      0x0000000008002dd0        0x0
                0x0000000008002dd0                . = ALIGN (0x4)
 *(.ARM.extab* .gnu.linkonce.armextab.*)
                0x0000000008002dd0                . = ALIGN (0x4)

.ARM            0x0000000008002dd0        0x0
                0x0000000008002dd0                . = ALIGN (0x4)
                0x0000000008002dd0                __exidx_start = .
 *(.ARM.exidx*)
                0x0000000008002dd0                __exidx_end = .
                0x0000000008002dd0                . = ALIGN (0x4)

.preinit_array  0x0000000008002dd0        0x0
                0x0000000008002dd0                . = ALIGN (0x4)
                0x0000000008002dd0                PROVIDE (__preinit_array_start = .)
 *(.preinit_array*)
                0x0000000008002dd0                PROVIDE (__preinit_array_end = .)
                0x0000000008002dd0                . = ALIGN (0x4)

.init_array     0x0000000008002dd0        0x4
                0x0000000008002dd0                . = ALIGN (0x4)
                0x0000000008002dd0                PROVIDE (__init_array_start = .)
 *(SORT_BY_NAME(.init_array.*))
 *(.init_array*)
 .init_array    0x0000000008002dd0        0x4 c:/st/stm32cubeide_1.12.0/stm32cubeide/plugins/com.st.stm32cube.ide.mcu.externaltools.gnu-tools-for-stm32.10.3-2021.10.win32_1.0.200.202301161003/tools/bin/../lib/gcc/arm-none-eabi/10.3.1/thumb/v7-m/nofp/crtbegin.o
                0x0000000008002dd4                PROVIDE (__init_array_end = .)
                0x0000000008002dd4                . = ALIGN (0x4)

.fini_array     0x0000000008002dd4        0x4
                0x0000000008002dd4                . = ALIGN (0x4)
                [!provide]                        PROVIDE (__fini_array_start = .)
 *(SORT_BY_NAME(.fini_array.*))
 *(.fini_array*)
 .fini_array    0x0000000008002dd4        0x4 c:/st/stm32cubeide_1.12.0/stm32cubeide/plugins/com.st.stm32cube.ide.mcu.externaltools.gnu-tools-for-stm32.10.3-2021.10.win32_1.0.200.202301161003/tools/bin/../lib/gcc/arm-none-eabi/10.3.1/thumb/v7-m/nofp/crtbegin.o
                [!provide]                        PROVIDE (__fini_array_end = .)
                0x0000000008002dd8                . = ALIGN (0x4)
                0x0000000008002dd8                _sidata = LOADADDR (.data)

.data           0x0000000020000000       0x30 load address 0x0000000008002dd8
                0x0000000020000000                . = ALIGN (0x4)
                0x0000000020000000                _sdata = .
 *(.data)
 *(.data*)
 .data.red_color
                0x0000000020000000        0x2 ./Core/Src/ILI9341_interface.o
                0x0000000020000000                red_color
 .data.Stat     0x0000000020000002        0x1 ./Core/Src/fatfs_sd.o
 *fill*         0x0000000020000003        0x1 
 .data.start_pag
                0x0000000020000004        0x2 ./Core/Src/main.o
                0x0000000020000004                start_pag
 .data.end_pag  0x0000000020000006        0x2 ./Core/Src/main.o
                0x0000000020000006                end_pag
 .data.start_col
                0x0000000020000008        0x2 ./Core/Src/main.o
                0x0000000020000008                start_col
 .data.end_col  0x000000002000000a        0x2 ./Core/Src/main.o
                0x000000002000000a                end_col
 .data.red_clr  0x000000002000000c        0x2 ./Core/Src/main.o
                0x000000002000000c                red_clr
 *fill*         0x000000002000000e        0x2 
 .data.SystemCoreClock
                0x0000000020000010        0x4 ./Core/Src/system_stm32f1xx.o
                0x0000000020000010                SystemCoreClock
 .data.uwTickPrio
                0x0000000020000014        0x4 ./Drivers/STM32F1xx_HAL_Driver/Src/stm32f1xx_hal.o
                0x0000000020000014                uwTickPrio
 .data.uwTickFreq
                0x0000000020000018        0x1 ./Drivers/STM32F1xx_HAL_Driver/Src/stm32f1xx_hal.o
                0x0000000020000018                uwTickFreq
 *fill*         0x0000000020000019        0x3 
 .data.USER_Driver
                0x000000002000001c       0x14 ./FATFS/Target/user_diskio.o
                0x000000002000001c                USER_Driver
 *(.RamFunc)
 *(.RamFunc*)
                0x0000000020000030                . = ALIGN (0x4)
                0x0000000020000030                _edata = .

.igot.plt       0x0000000020000030        0x0 load address 0x0000000008002e08
 .igot.plt      0x0000000020000030        0x0 c:/st/stm32cubeide_1.12.0/stm32cubeide/plugins/com.st.stm32cube.ide.mcu.externaltools.gnu-tools-for-stm32.10.3-2021.10.win32_1.0.200.202301161003/tools/bin/../lib/gcc/arm-none-eabi/10.3.1/thumb/v7-m/nofp/crtbegin.o
                0x0000000020000030                . = ALIGN (0x4)

.bss            0x0000000020000030       0x94 load address 0x0000000008002e08
                0x0000000020000030                _sbss = .
                0x0000000020000030                __bss_start__ = _sbss
 *(.bss)
 .bss           0x0000000020000030       0x1c c:/st/stm32cubeide_1.12.0/stm32cubeide/plugins/com.st.stm32cube.ide.mcu.externaltools.gnu-tools-for-stm32.10.3-2021.10.win32_1.0.200.202301161003/tools/bin/../lib/gcc/arm-none-eabi/10.3.1/thumb/v7-m/nofp/crtbegin.o
 *(.bss*)
 .bss.Timer1    0x000000002000004c        0x2 ./Core/Src/fatfs_sd.o
                0x000000002000004c                Timer1
 .bss.Timer2    0x000000002000004e        0x2 ./Core/Src/fatfs_sd.o
                0x000000002000004e                Timer2
 .bss.CardType  0x0000000020000050        0x1 ./Core/Src/fatfs_sd.o
 .bss.PowerFlag
                0x0000000020000051        0x1 ./Core/Src/fatfs_sd.o
 *fill*         0x0000000020000052        0x2 
 .bss.hspi1     0x0000000020000054       0x58 ./Core/Src/main.o
                0x0000000020000054                hspi1
 .bss.uwTick    0x00000000200000ac        0x4 ./Drivers/STM32F1xx_HAL_Driver/Src/stm32f1xx_hal.o
                0x00000000200000ac                uwTick
 .bss.retUSER   0x00000000200000b0        0x1 ./FATFS/App/fatfs.o
                0x00000000200000b0                retUSER
 *fill*         0x00000000200000b1        0x3 
 .bss.USERPath  0x00000000200000b4        0x4 ./FATFS/App/fatfs.o
                0x00000000200000b4                USERPath
 .bss.disk      0x00000000200000b8        0xc ./Middlewares/Third_Party/FatFs/src/ff_gen_drv.o
                0x00000000200000b8                disk
 *(COMMON)
                0x00000000200000c4                . = ALIGN (0x4)
                0x00000000200000c4                _ebss = .
                0x00000000200000c4                __bss_end__ = _ebss

._user_heap_stack
                0x00000000200000c4      0x604 load address 0x0000000008002e08
                0x00000000200000c8                . = ALIGN (0x8)
 *fill*         0x00000000200000c4        0x4 
                [!provide]                        PROVIDE (end = .)
                0x00000000200000c8                PROVIDE (_end = .)
                0x00000000200002c8                . = (. + _Min_Heap_Size)
 *fill*         0x00000000200000c8      0x200 
                0x00000000200006c8                . = (. + _Min_Stack_Size)
 *fill*         0x00000000200002c8      0x400 
                0x00000000200006c8                . = ALIGN (0x8)

/DISCARD/
 libc.a(*)
 libm.a(*)
 libgcc.a(*)

.ARM.attributes
                0x0000000000000000       0x29
 *(.ARM.attributes)
 .ARM.attributes
                0x0000000000000000       0x1d c:/st/stm32cubeide_1.12.0/stm32cubeide/plugins/com.st.stm32cube.ide.mcu.externaltools.gnu-tools-for-stm32.10.3-2021.10.win32_1.0.200.202301161003/tools/bin/../lib/gcc/arm-none-eabi/10.3.1/thumb/v7-m/nofp/crti.o
 .ARM.attributes
                0x000000000000001d       0x2d c:/st/stm32cubeide_1.12.0/stm32cubeide/plugins/com.st.stm32cube.ide.mcu.externaltools.gnu-tools-for-stm32.10.3-2021.10.win32_1.0.200.202301161003/tools/bin/../lib/gcc/arm-none-eabi/10.3.1/thumb/v7-m/nofp/crtbegin.o
 .ARM.attributes
                0x000000000000004a       0x2d ./Core/Src/ILI9341_interface.o
 .ARM.attributes
                0x0000000000000077       0x2d ./Core/Src/fatfs_sd.o
 .ARM.attributes
                0x00000000000000a4       0x2d ./Core/Src/main.o
 .ARM.attributes
                0x00000000000000d1       0x2d ./Core/Src/stm32f1xx_hal_msp.o
 .ARM.attributes
                0x00000000000000fe       0x2d ./Core/Src/stm32f1xx_it.o
 .ARM.attributes
                0x000000000000012b       0x2d ./Core/Src/system_stm32f1xx.o
 .ARM.attributes
                0x0000000000000158       0x21 ./Core/Startup/startup_stm32f103tbux.o
 .ARM.attributes
                0x0000000000000179       0x2d ./Drivers/STM32F1xx_HAL_Driver/Src/stm32f1xx_hal.o
 .ARM.attributes
                0x00000000000001a6       0x2d ./Drivers/STM32F1xx_HAL_Driver/Src/stm32f1xx_hal_cortex.o
 .ARM.attributes
                0x00000000000001d3       0x2d ./Drivers/STM32F1xx_HAL_Driver/Src/stm32f1xx_hal_gpio.o
 .ARM.attributes
                0x0000000000000200       0x2d ./Drivers/STM32F1xx_HAL_Driver/Src/stm32f1xx_hal_rcc.o
 .ARM.attributes
                0x000000000000022d       0x2d ./Drivers/STM32F1xx_HAL_Driver/Src/stm32f1xx_hal_spi.o
 .ARM.attributes
                0x000000000000025a       0x2d ./FATFS/App/fatfs.o
 .ARM.attributes
                0x0000000000000287       0x2d ./FATFS/Target/user_diskio.o
 .ARM.attributes
                0x00000000000002b4       0x2d ./Middlewares/Third_Party/FatFs/src/ff_gen_drv.o
 .ARM.attributes
                0x00000000000002e1       0x2d c:/st/stm32cubeide_1.12.0/stm32cubeide/plugins/com.st.stm32cube.ide.mcu.externaltools.gnu-tools-for-stm32.10.3-2021.10.win32_1.0.200.202301161003/tools/bin/../lib/gcc/arm-none-eabi/10.3.1/../../../../arm-none-eabi/lib/thumb/v7-m/nofp\libc_nano.a(lib_a-init.o)
 .ARM.attributes
                0x000000000000030e       0x2d c:/st/stm32cubeide_1.12.0/stm32cubeide/plugins/com.st.stm32cube.ide.mcu.externaltools.gnu-tools-for-stm32.10.3-2021.10.win32_1.0.200.202301161003/tools/bin/../lib/gcc/arm-none-eabi/10.3.1/../../../../arm-none-eabi/lib/thumb/v7-m/nofp\libc_nano.a(lib_a-memset.o)
 .ARM.attributes
                0x000000000000033b       0x1d c:/st/stm32cubeide_1.12.0/stm32cubeide/plugins/com.st.stm32cube.ide.mcu.externaltools.gnu-tools-for-stm32.10.3-2021.10.win32_1.0.200.202301161003/tools/bin/../lib/gcc/arm-none-eabi/10.3.1/thumb/v7-m/nofp/crtn.o
OUTPUT(Console_Project.elf elf32-littlearm)
LOAD linker stubs
LOAD c:/st/stm32cubeide_1.12.0/stm32cubeide/plugins/com.st.stm32cube.ide.mcu.externaltools.gnu-tools-for-stm32.10.3-2021.10.win32_1.0.200.202301161003/tools/bin/../lib/gcc/arm-none-eabi/10.3.1/../../../../arm-none-eabi/lib/thumb/v7-m/nofp\libc.a
LOAD c:/st/stm32cubeide_1.12.0/stm32cubeide/plugins/com.st.stm32cube.ide.mcu.externaltools.gnu-tools-for-stm32.10.3-2021.10.win32_1.0.200.202301161003/tools/bin/../lib/gcc/arm-none-eabi/10.3.1/../../../../arm-none-eabi/lib/thumb/v7-m/nofp\libm.a
LOAD c:/st/stm32cubeide_1.12.0/stm32cubeide/plugins/com.st.stm32cube.ide.mcu.externaltools.gnu-tools-for-stm32.10.3-2021.10.win32_1.0.200.202301161003/tools/bin/../lib/gcc/arm-none-eabi/10.3.1/thumb/v7-m/nofp\libgcc.a

.debug_info     0x0000000000000000     0x76cd
 .debug_info    0x0000000000000000      0x8be ./Core/Src/ILI9341_interface.o
 .debug_info    0x00000000000008be      0xc57 ./Core/Src/fatfs_sd.o
 .debug_info    0x0000000000001515     0x1153 ./Core/Src/main.o
 .debug_info    0x0000000000002668      0x885 ./Core/Src/stm32f1xx_hal_msp.o
 .debug_info    0x0000000000002eed      0x1b3 ./Core/Src/stm32f1xx_it.o
 .debug_info    0x00000000000030a0      0x23d ./Core/Src/system_stm32f1xx.o
 .debug_info    0x00000000000032dd       0x22 ./Core/Startup/startup_stm32f103tbux.o
 .debug_info    0x00000000000032ff      0x734 ./Drivers/STM32F1xx_HAL_Driver/Src/stm32f1xx_hal.o
 .debug_info    0x0000000000003a33      0xb20 ./Drivers/STM32F1xx_HAL_Driver/Src/stm32f1xx_hal_cortex.o
 .debug_info    0x0000000000004553      0x615 ./Drivers/STM32F1xx_HAL_Driver/Src/stm32f1xx_hal_gpio.o
 .debug_info    0x0000000000004b68      0x860 ./Drivers/STM32F1xx_HAL_Driver/Src/stm32f1xx_hal_rcc.o
 .debug_info    0x00000000000053c8     0x1658 ./Drivers/STM32F1xx_HAL_Driver/Src/stm32f1xx_hal_spi.o
 .debug_info    0x0000000000006a20      0x52d ./FATFS/App/fatfs.o
 .debug_info    0x0000000000006f4d      0x3dc ./FATFS/Target/user_diskio.o
 .debug_info    0x0000000000007329      0x3a4 ./Middlewares/Third_Party/FatFs/src/ff_gen_drv.o

.debug_abbrev   0x0000000000000000     0x1c1b
 .debug_abbrev  0x0000000000000000      0x1ea ./Core/Src/ILI9341_interface.o
 .debug_abbrev  0x00000000000001ea      0x2ec ./Core/Src/fatfs_sd.o
 .debug_abbrev  0x00000000000004d6      0x374 ./Core/Src/main.o
 .debug_abbrev  0x000000000000084a      0x194 ./Core/Src/stm32f1xx_hal_msp.o
 .debug_abbrev  0x00000000000009de       0xb2 ./Core/Src/stm32f1xx_it.o
 .debug_abbrev  0x0000000000000a90      0x13b ./Core/Src/system_stm32f1xx.o
 .debug_abbrev  0x0000000000000bcb       0x12 ./Core/Startup/startup_stm32f103tbux.o
 .debug_abbrev  0x0000000000000bdd      0x1fb ./Drivers/STM32F1xx_HAL_Driver/Src/stm32f1xx_hal.o
 .debug_abbrev  0x0000000000000dd8      0x2ed ./Drivers/STM32F1xx_HAL_Driver/Src/stm32f1xx_hal_cortex.o
 .debug_abbrev  0x00000000000010c5      0x1bb ./Drivers/STM32F1xx_HAL_Driver/Src/stm32f1xx_hal_gpio.o
 .debug_abbrev  0x0000000000001280      0x2a8 ./Drivers/STM32F1xx_HAL_Driver/Src/stm32f1xx_hal_rcc.o
 .debug_abbrev  0x0000000000001528      0x26e ./Drivers/STM32F1xx_HAL_Driver/Src/stm32f1xx_hal_spi.o
 .debug_abbrev  0x0000000000001796      0x19a ./FATFS/App/fatfs.o
 .debug_abbrev  0x0000000000001930      0x155 ./FATFS/Target/user_diskio.o
 .debug_abbrev  0x0000000000001a85      0x196 ./Middlewares/Third_Party/FatFs/src/ff_gen_drv.o

.debug_aranges  0x0000000000000000      0x790
 .debug_aranges
                0x0000000000000000       0x50 ./Core/Src/ILI9341_interface.o
 .debug_aranges
                0x0000000000000050       0xa8 ./Core/Src/fatfs_sd.o
 .debug_aranges
                0x00000000000000f8       0x58 ./Core/Src/main.o
 .debug_aranges
                0x0000000000000150       0x30 ./Core/Src/stm32f1xx_hal_msp.o
 .debug_aranges
                0x0000000000000180       0x80 ./Core/Src/stm32f1xx_it.o
 .debug_aranges
                0x0000000000000200       0x28 ./Core/Src/system_stm32f1xx.o
 .debug_aranges
                0x0000000000000228       0x28 ./Core/Startup/startup_stm32f103tbux.o
 .debug_aranges
                0x0000000000000250       0xe0 ./Drivers/STM32F1xx_HAL_Driver/Src/stm32f1xx_hal.o
 .debug_aranges
                0x0000000000000330      0x100 ./Drivers/STM32F1xx_HAL_Driver/Src/stm32f1xx_hal_cortex.o
 .debug_aranges
                0x0000000000000430       0x58 ./Drivers/STM32F1xx_HAL_Driver/Src/stm32f1xx_hal_gpio.o
 .debug_aranges
                0x0000000000000488       0x90 ./Drivers/STM32F1xx_HAL_Driver/Src/stm32f1xx_hal_rcc.o
 .debug_aranges
                0x0000000000000518      0x1d0 ./Drivers/STM32F1xx_HAL_Driver/Src/stm32f1xx_hal_spi.o
 .debug_aranges
                0x00000000000006e8       0x28 ./FATFS/App/fatfs.o
 .debug_aranges
                0x0000000000000710       0x40 ./FATFS/Target/user_diskio.o
 .debug_aranges
                0x0000000000000750       0x40 ./Middlewares/Third_Party/FatFs/src/ff_gen_drv.o

.debug_ranges   0x0000000000000000      0x6a8
 .debug_ranges  0x0000000000000000       0x40 ./Core/Src/ILI9341_interface.o
 .debug_ranges  0x0000000000000040       0x98 ./Core/Src/fatfs_sd.o
 .debug_ranges  0x00000000000000d8       0x48 ./Core/Src/main.o
 .debug_ranges  0x0000000000000120       0x20 ./Core/Src/stm32f1xx_hal_msp.o
 .debug_ranges  0x0000000000000140       0x70 ./Core/Src/stm32f1xx_it.o
 .debug_ranges  0x00000000000001b0       0x18 ./Core/Src/system_stm32f1xx.o
 .debug_ranges  0x00000000000001c8       0x20 ./Core/Startup/startup_stm32f103tbux.o
 .debug_ranges  0x00000000000001e8       0xd0 ./Drivers/STM32F1xx_HAL_Driver/Src/stm32f1xx_hal.o
 .debug_ranges  0x00000000000002b8       0xf0 ./Drivers/STM32F1xx_HAL_Driver/Src/stm32f1xx_hal_cortex.o
 .debug_ranges  0x00000000000003a8       0x48 ./Drivers/STM32F1xx_HAL_Driver/Src/stm32f1xx_hal_gpio.o
 .debug_ranges  0x00000000000003f0       0x80 ./Drivers/STM32F1xx_HAL_Driver/Src/stm32f1xx_hal_rcc.o
 .debug_ranges  0x0000000000000470      0x1c0 ./Drivers/STM32F1xx_HAL_Driver/Src/stm32f1xx_hal_spi.o
 .debug_ranges  0x0000000000000630       0x18 ./FATFS/App/fatfs.o
 .debug_ranges  0x0000000000000648       0x30 ./FATFS/Target/user_diskio.o
 .debug_ranges  0x0000000000000678       0x30 ./Middlewares/Third_Party/FatFs/src/ff_gen_drv.o

.debug_macro    0x0000000000000000    0x17627
 .debug_macro   0x0000000000000000      0x1bc ./Core/Src/ILI9341_interface.o
 .debug_macro   0x00000000000001bc      0xa6c ./Core/Src/ILI9341_interface.o
 .debug_macro   0x0000000000000c28      0x215 ./Core/Src/ILI9341_interface.o
 .debug_macro   0x0000000000000e3d       0x2e ./Core/Src/ILI9341_interface.o
 .debug_macro   0x0000000000000e6b       0x22 ./Core/Src/ILI9341_interface.o
 .debug_macro   0x0000000000000e8d       0x22 ./Core/Src/ILI9341_interface.o
 .debug_macro   0x0000000000000eaf       0x8e ./Core/Src/ILI9341_interface.o
 .debug_macro   0x0000000000000f3d       0x51 ./Core/Src/ILI9341_interface.o
 .debug_macro   0x0000000000000f8e      0x103 ./Core/Src/ILI9341_interface.o
 .debug_macro   0x0000000000001091       0x6a ./Core/Src/ILI9341_interface.o
 .debug_macro   0x00000000000010fb      0x1df ./Core/Src/ILI9341_interface.o
 .debug_macro   0x00000000000012da       0x1c ./Core/Src/ILI9341_interface.o
 .debug_macro   0x00000000000012f6       0x22 ./Core/Src/ILI9341_interface.o
 .debug_macro   0x0000000000001318       0xbd ./Core/Src/ILI9341_interface.o
 .debug_macro   0x00000000000013d5      0xd23 ./Core/Src/ILI9341_interface.o
 .debug_macro   0x00000000000020f8     0xe09e ./Core/Src/ILI9341_interface.o
 .debug_macro   0x0000000000010196       0x6d ./Core/Src/ILI9341_interface.o
 .debug_macro   0x0000000000010203     0x3468 ./Core/Src/ILI9341_interface.o
 .debug_macro   0x000000000001366b      0x174 ./Core/Src/ILI9341_interface.o
 .debug_macro   0x00000000000137df       0x5c ./Core/Src/ILI9341_interface.o
 .debug_macro   0x000000000001383b      0x5be ./Core/Src/ILI9341_interface.o
 .debug_macro   0x0000000000013df9      0x289 ./Core/Src/ILI9341_interface.o
 .debug_macro   0x0000000000014082      0x1cb ./Core/Src/ILI9341_interface.o
 .debug_macro   0x000000000001424d      0x114 ./Core/Src/ILI9341_interface.o
 .debug_macro   0x0000000000014361      0x1b2 ./Core/Src/ILI9341_interface.o
 .debug_macro   0x0000000000014513       0x27 ./Core/Src/ILI9341_interface.o
 .debug_macro   0x000000000001453a      0x136 ./Core/Src/ILI9341_interface.o
 .debug_macro   0x0000000000014670      0x1bc ./Core/Src/ILI9341_interface.o
 .debug_macro   0x000000000001482c       0x34 ./Core/Src/ILI9341_interface.o
 .debug_macro   0x0000000000014860       0x3c ./Core/Src/ILI9341_interface.o
 .debug_macro   0x000000000001489c       0x57 ./Core/Src/ILI9341_interface.o
 .debug_macro   0x00000000000148f3       0x88 ./Core/Src/ILI9341_interface.o
 .debug_macro   0x000000000001497b      0x241 ./Core/Src/ILI9341_interface.o
 .debug_macro   0x0000000000014bbc      0x141 ./Core/Src/ILI9341_interface.o
 .debug_macro   0x0000000000014cfd      0x217 ./Core/Src/ILI9341_interface.o
 .debug_macro   0x0000000000014f14       0x83 ./Core/Src/ILI9341_interface.o
 .debug_macro   0x0000000000014f97      0x214 ./Core/Src/fatfs_sd.o
 .debug_macro   0x00000000000151ab       0x16 ./Core/Src/fatfs_sd.o
 .debug_macro   0x00000000000151c1       0x7c ./Core/Src/fatfs_sd.o
 .debug_macro   0x000000000001523d       0xca ./Core/Src/fatfs_sd.o
 .debug_macro   0x0000000000015307       0xd8 ./Core/Src/fatfs_sd.o
 .debug_macro   0x00000000000153df       0xf5 ./Core/Src/fatfs_sd.o
 .debug_macro   0x00000000000154d4       0x94 ./Core/Src/fatfs_sd.o
 .debug_macro   0x0000000000015568      0x230 ./Core/Src/main.o
 .debug_macro   0x0000000000015798       0xc4 ./Core/Src/main.o
 .debug_macro   0x000000000001585c       0xde ./Core/Src/main.o
 .debug_macro   0x000000000001593a       0x8e ./Core/Src/main.o
 .debug_macro   0x00000000000159c8      0x19d ./Core/Src/stm32f1xx_hal_msp.o
 .debug_macro   0x0000000000015b65      0x2d1 ./Core/Src/stm32f1xx_it.o
 .debug_macro   0x0000000000015e36       0x52 ./Core/Src/stm32f1xx_it.o
 .debug_macro   0x0000000000015e88       0x18 ./Core/Src/stm32f1xx_it.o
 .debug_macro   0x0000000000015ea0       0x3c ./Core/Src/stm32f1xx_it.o
 .debug_macro   0x0000000000015edc       0x34 ./Core/Src/stm32f1xx_it.o
 .debug_macro   0x0000000000015f10       0x16 ./Core/Src/stm32f1xx_it.o
 .debug_macro   0x0000000000015f26       0x43 ./Core/Src/stm32f1xx_it.o
 .debug_macro   0x0000000000015f69       0x34 ./Core/Src/stm32f1xx_it.o
 .debug_macro   0x0000000000015f9d       0x10 ./Core/Src/stm32f1xx_it.o
 .debug_macro   0x0000000000015fad       0x58 ./Core/Src/stm32f1xx_it.o
 .debug_macro   0x0000000000016005       0x71 ./Core/Src/stm32f1xx_it.o
 .debug_macro   0x0000000000016076       0x1c ./Core/Src/stm32f1xx_it.o
 .debug_macro   0x0000000000016092      0x12a ./Core/Src/stm32f1xx_it.o
 .debug_macro   0x00000000000161bc      0x341 ./Core/Src/stm32f1xx_it.o
 .debug_macro   0x00000000000164fd       0x10 ./Core/Src/stm32f1xx_it.o
 .debug_macro   0x000000000001650d       0x35 ./Core/Src/stm32f1xx_it.o
 .debug_macro   0x0000000000016542       0x20 ./Core/Src/stm32f1xx_it.o
 .debug_macro   0x0000000000016562      0x18e ./Core/Src/system_stm32f1xx.o
 .debug_macro   0x00000000000166f0      0x1b2 ./Drivers/STM32F1xx_HAL_Driver/Src/stm32f1xx_hal.o
 .debug_macro   0x00000000000168a2      0x18e ./Drivers/STM32F1xx_HAL_Driver/Src/stm32f1xx_hal_cortex.o
 .debug_macro   0x0000000000016a30      0x1f9 ./Drivers/STM32F1xx_HAL_Driver/Src/stm32f1xx_hal_gpio.o
 .debug_macro   0x0000000000016c29      0x1a0 ./Drivers/STM32F1xx_HAL_Driver/Src/stm32f1xx_hal_rcc.o
 .debug_macro   0x0000000000016dc9      0x196 ./Drivers/STM32F1xx_HAL_Driver/Src/stm32f1xx_hal_spi.o
 .debug_macro   0x0000000000016f5f      0x1f0 ./FATFS/App/fatfs.o
 .debug_macro   0x000000000001714f      0x2a5 ./FATFS/Target/user_diskio.o
 .debug_macro   0x00000000000173f4       0x56 ./FATFS/Target/user_diskio.o
 .debug_macro   0x000000000001744a      0x1dd ./Middlewares/Third_Party/FatFs/src/ff_gen_drv.o

.debug_line     0x0000000000000000     0x922d
 .debug_line    0x0000000000000000      0x773 ./Core/Src/ILI9341_interface.o
 .debug_line    0x0000000000000773      0xdc3 ./Core/Src/fatfs_sd.o
 .debug_line    0x0000000000001536      0x8fe ./Core/Src/main.o
 .debug_line    0x0000000000001e34      0x69b ./Core/Src/stm32f1xx_hal_msp.o
 .debug_line    0x00000000000024cf      0x986 ./Core/Src/stm32f1xx_it.o
 .debug_line    0x0000000000002e55      0x6c6 ./Core/Src/system_stm32f1xx.o
 .debug_line    0x000000000000351b       0x87 ./Core/Startup/startup_stm32f103tbux.o
 .debug_line    0x00000000000035a2      0x8f3 ./Drivers/STM32F1xx_HAL_Driver/Src/stm32f1xx_hal.o
 .debug_line    0x0000000000003e95      0xadb ./Drivers/STM32F1xx_HAL_Driver/Src/stm32f1xx_hal_cortex.o
 .debug_line    0x0000000000004970      0x98a ./Drivers/STM32F1xx_HAL_Driver/Src/stm32f1xx_hal_gpio.o
 .debug_line    0x00000000000052fa      0xd01 ./Drivers/STM32F1xx_HAL_Driver/Src/stm32f1xx_hal_rcc.o
 .debug_line    0x0000000000005ffb     0x1b78 ./Drivers/STM32F1xx_HAL_Driver/Src/stm32f1xx_hal_spi.o
 .debug_line    0x0000000000007b73      0x6e3 ./FATFS/App/fatfs.o
 .debug_line    0x0000000000008256      0x866 ./FATFS/Target/user_diskio.o
 .debug_line    0x0000000000008abc      0x771 ./Middlewares/Third_Party/FatFs/src/ff_gen_drv.o

.debug_str      0x0000000000000000    0x817f5
 .debug_str     0x0000000000000000    0x7c08d ./Core/Src/ILI9341_interface.o
                                      0x7c428 (size before relaxing)
 .debug_str     0x000000000007c08d      0xe0c ./Core/Src/fatfs_sd.o
                                      0x7d0ee (size before relaxing)
 .debug_str     0x000000000007ce99      0x727 ./Core/Src/main.o
                                      0x7d685 (size before relaxing)
 .debug_str     0x000000000007d5c0       0x91 ./Core/Src/stm32f1xx_hal_msp.o
                                      0x7c670 (size before relaxing)
 .debug_str     0x000000000007d651     0x2f3e ./Core/Src/stm32f1xx_it.o
                                      0x7f9ce (size before relaxing)
 .debug_str     0x000000000008058f       0x7e ./Core/Src/system_stm32f1xx.o
                                      0x7bf1a (size before relaxing)
 .debug_str     0x000000000008060d       0x36 ./Core/Startup/startup_stm32f103tbux.o
                                         0x77 (size before relaxing)
 .debug_str     0x0000000000080643      0x37a ./Drivers/STM32F1xx_HAL_Driver/Src/stm32f1xx_hal.o
                                      0x7c64d (size before relaxing)
 .debug_str     0x00000000000809bd      0x2a8 ./Drivers/STM32F1xx_HAL_Driver/Src/stm32f1xx_hal_cortex.o
                                      0x7c599 (size before relaxing)
 .debug_str     0x0000000000080c65      0x29c ./Drivers/STM32F1xx_HAL_Driver/Src/stm32f1xx_hal_gpio.o
                                      0x7c2a0 (size before relaxing)
 .debug_str     0x0000000000080f01      0x229 ./Drivers/STM32F1xx_HAL_Driver/Src/stm32f1xx_hal_rcc.o
                                      0x7c349 (size before relaxing)
 .debug_str     0x000000000008112a      0x543 ./Drivers/STM32F1xx_HAL_Driver/Src/stm32f1xx_hal_spi.o
                                      0x7c846 (size before relaxing)
 .debug_str     0x000000000008166d       0x74 ./FATFS/App/fatfs.o
                                      0x7cad3 (size before relaxing)
 .debug_str     0x00000000000816e1       0x5a ./FATFS/Target/user_diskio.o
                                      0x7f853 (size before relaxing)
 .debug_str     0x000000000008173b       0xba ./Middlewares/Third_Party/FatFs/src/ff_gen_drv.o
                                      0x7ca4a (size before relaxing)

.comment        0x0000000000000000       0x50
 .comment       0x0000000000000000       0x50 ./Core/Src/ILI9341_interface.o
                                         0x51 (size before relaxing)
 .comment       0x0000000000000050       0x51 ./Core/Src/fatfs_sd.o
 .comment       0x0000000000000050       0x51 ./Core/Src/main.o
 .comment       0x0000000000000050       0x51 ./Core/Src/stm32f1xx_hal_msp.o
 .comment       0x0000000000000050       0x51 ./Core/Src/stm32f1xx_it.o
 .comment       0x0000000000000050       0x51 ./Core/Src/system_stm32f1xx.o
 .comment       0x0000000000000050       0x51 ./Drivers/STM32F1xx_HAL_Driver/Src/stm32f1xx_hal.o
 .comment       0x0000000000000050       0x51 ./Drivers/STM32F1xx_HAL_Driver/Src/stm32f1xx_hal_cortex.o
 .comment       0x0000000000000050       0x51 ./Drivers/STM32F1xx_HAL_Driver/Src/stm32f1xx_hal_gpio.o
 .comment       0x0000000000000050       0x51 ./Drivers/STM32F1xx_HAL_Driver/Src/stm32f1xx_hal_rcc.o
 .comment       0x0000000000000050       0x51 ./Drivers/STM32F1xx_HAL_Driver/Src/stm32f1xx_hal_spi.o
 .comment       0x0000000000000050       0x51 ./FATFS/App/fatfs.o
 .comment       0x0000000000000050       0x51 ./FATFS/Target/user_diskio.o
 .comment       0x0000000000000050       0x51 ./Middlewares/Third_Party/FatFs/src/ff_gen_drv.o

.debug_frame    0x0000000000000000     0x1c18
 .debug_frame   0x0000000000000000      0x114 ./Core/Src/ILI9341_interface.o
 .debug_frame   0x0000000000000114      0x28c ./Core/Src/fatfs_sd.o
 .debug_frame   0x00000000000003a0      0x120 ./Core/Src/main.o
 .debug_frame   0x00000000000004c0       0x80 ./Core/Src/stm32f1xx_hal_msp.o
 .debug_frame   0x0000000000000540      0x174 ./Core/Src/stm32f1xx_it.o
 .debug_frame   0x00000000000006b4       0x58 ./Core/Src/system_stm32f1xx.o
 .debug_frame   0x000000000000070c      0x334 ./Drivers/STM32F1xx_HAL_Driver/Src/stm32f1xx_hal.o
 .debug_frame   0x0000000000000a40      0x428 ./Drivers/STM32F1xx_HAL_Driver/Src/stm32f1xx_hal_cortex.o
 .debug_frame   0x0000000000000e68      0x14c ./Drivers/STM32F1xx_HAL_Driver/Src/stm32f1xx_hal_gpio.o
 .debug_frame   0x0000000000000fb4      0x21c ./Drivers/STM32F1xx_HAL_Driver/Src/stm32f1xx_hal_rcc.o
 .debug_frame   0x00000000000011d0      0x824 ./Drivers/STM32F1xx_HAL_Driver/Src/stm32f1xx_hal_spi.o
 .debug_frame   0x00000000000019f4       0x4c ./FATFS/App/fatfs.o
 .debug_frame   0x0000000000001a40       0xc4 ./FATFS/Target/user_diskio.o
 .debug_frame   0x0000000000001b04       0xc8 ./Middlewares/Third_Party/FatFs/src/ff_gen_drv.o
 .debug_frame   0x0000000000001bcc       0x2c c:/st/stm32cubeide_1.12.0/stm32cubeide/plugins/com.st.stm32cube.ide.mcu.externaltools.gnu-tools-for-stm32.10.3-2021.10.win32_1.0.200.202301161003/tools/bin/../lib/gcc/arm-none-eabi/10.3.1/../../../../arm-none-eabi/lib/thumb/v7-m/nofp\libc_nano.a(lib_a-init.o)
 .debug_frame   0x0000000000001bf8       0x20 c:/st/stm32cubeide_1.12.0/stm32cubeide/plugins/com.st.stm32cube.ide.mcu.externaltools.gnu-tools-for-stm32.10.3-2021.10.win32_1.0.200.202301161003/tools/bin/../lib/gcc/arm-none-eabi/10.3.1/../../../../arm-none-eabi/lib/thumb/v7-m/nofp\libc_nano.a(lib_a-memset.o)
