../Core/Src/main.c:61:5:command_ILI9341	16	static
../Core/Src/main.c:71:5:init_ILI9341	8	static
../Core/Src/main.c:75:5:columnAddressSet	56	dynamic
../Core/Src/main.c:96:5:pageAddressSet	56	dynamic
../Core/Src/main.c:117:5:writeMemoryContinue	32	static
../Core/Src/main.c:132:5:displayInversionON	8	static
../Core/Src/main.c:144:5:displayInversionOFF	8	static
../Core/Src/main.c:168:5:main	8	static
../Core/Src/main.c:212:6:SystemClock_Config	72	static
../Core/Src/main.c:249:13:MX_SPI1_Init	8	static
../Core/Src/main.c:287:13:MX_GPIO_Init	32	static
../Core/Src/main.c:343:6:Error_Handler	4	static,ignoring_inline_asm
